"2008-09-10 00:00:00" 111 6125
"2008-09-11 00:00:00" 136 5096
"2008-09-12 00:00:00" 147 4840
"2008-09-14 00:00:00" 104 6337
"2008-09-15 00:00:00" 132 5506
"2008-09-16 00:00:00" 130 5557
"2008-09-17 00:00:00" 105 6637
"2008-09-18 00:00:00" 108 6468
"2008-09-19 00:00:00" 117 6156
"2008-09-22 00:00:00" 332 2591
"2008-09-23 00:00:00" 1895 518
"2008-09-24 00:00:00" 1902 509
"2008-09-25 00:00:00" 2007 501
"2008-09-26 00:00:00" 2007 507
"2008-09-27 00:00:00" 1913 505
"2008-09-28 00:00:00" 1961 490
"2008-09-29 00:00:00" 1719 591
"2008-09-30 00:00:00" 895 1093
"2008-10-01 00:00:00" 1062 904
"2008-10-02 00:00:00" 849 1104
"2008-10-03 00:00:00" 1087 905
"2008-10-04 00:00:00" 1404 685
"2008-10-05 00:00:00" 1321 711
"2008-10-06 00:00:00" 898 1079
"2008-10-07 00:00:00" 918 914
"2008-10-08 00:00:00" 1014 948
"2008-10-09 00:00:00" 927 1033
"2008-10-10 00:00:00" 831 1140
"2008-10-11 00:00:00" 1207 797
"2008-10-12 00:00:00" 1310 732
"2008-10-13 00:00:00" 887 1108
"2008-10-14 00:00:00" 863 1141
"2008-10-15 00:00:00" 831 1157
"2008-10-16 00:00:00" 985 987
"2008-10-17 00:00:00" 1012 948
"2008-10-18 00:00:00" 1118 836
"2008-10-19 00:00:00" 1129 833
"2008-10-20 00:00:00" 944 1028
"2008-10-21 00:00:00" 901 1072
"2008-10-22 00:00:00" 879 1089
"2008-10-23 00:00:00" 852 1140
"2008-10-24 00:00:00" 832 1158
"2008-10-25 00:00:00" 924 1005
"2008-10-26 00:00:00" 1047 891
"2008-10-27 00:00:00" 910 1070
"2008-10-28 00:00:00" 874 1118
"2008-10-29 00:00:00" 863 1130
"2008-10-30 00:00:00" 747 1259
"2008-10-31 00:00:00" 742 1252
"2008-11-01 00:00:00" 1021 948
"2008-11-02 00:00:00" 1172 840
"2008-11-03 00:00:00" 826 1203
"2008-11-04 00:00:00" 696 1363
"2008-11-05 00:00:00" 781 1250
"2008-11-06 00:00:00" 781 1203
"2008-11-07 00:00:00" 850 1106
"2008-11-08 00:00:00" 994 916
"2008-11-09 00:00:00" 1055 858
"2008-11-10 00:00:00" 832 1133
"2008-11-11 00:00:00" 734 1275
"2008-11-12 00:00:00" 391 3684
"2008-11-13 00:00:00" 829 1133
"2008-11-14 00:00:00" 930 1032
"2008-11-15 00:00:00" 1035 920
"2008-11-16 00:00:00" 1061 854
"2008-11-17 00:00:00" 482 1901
"2008-11-18 00:00:00" 111 5864
"2008-11-19 00:00:00" 132 5517
"2008-11-21 00:00:00" 122 5823
"2008-11-22 00:00:00" 125 5665
"2008-11-23 00:00:00" 120 5799
"2008-11-24 00:00:00" 116 6013
"2008-11-25 00:00:00" 114 6161
"2008-11-26 00:00:00" 110 6258
"2008-12-01 00:00:00" 111 6295
"2008-12-02 00:00:00" 122 5821
"2008-12-03 00:00:00" 122 5957
"2008-12-04 00:00:00" 104 6828
"2008-12-05 00:00:00" 143 5132
"2008-12-08 00:00:00" 178 4312
"2008-12-09 00:00:00" 126 5826
"2008-12-10 00:00:00" 120 6146
"2008-12-11 00:00:00" 148 5085
"2008-12-12 00:00:00" 104 6738
"2008-12-13 00:00:00" 100 6771
"2008-12-15 00:00:00" 127 5856
"2008-12-16 00:00:00" 148 4911
"2008-12-19 00:00:00" 111 6383
"2008-12-22 00:00:00" 127 5719
"2008-12-23 00:00:00" 104 6591
"2008-12-29 00:00:00" 102 6919
"2008-12-30 00:00:00" 123 5865
"2009-01-05 00:00:00" 108 6586
"2009-01-06 00:00:00" 148 5125
"2009-01-08 00:00:00" 152 5121
"2009-01-09 00:00:00" 125 5986
"2009-01-12 00:00:00" 171 4634
"2009-01-13 00:00:00" 259 3319
"2009-01-14 00:00:00" 179 4509
"2009-01-15 00:00:00" 159 4975
"2009-01-16 00:00:00" 110 6651
"2009-01-19 00:00:00" 119 6267
"2009-01-21 00:00:00" 121 5973
"2009-01-22 00:00:00" 128 5734
"2009-01-23 00:00:00" 104 6745
"2009-01-25 00:00:00" 112 6255
"2009-01-26 00:00:00" 146 5261
"2009-01-27 00:00:00" 144 5193
"2009-01-28 00:00:00" 133 5709
"2009-01-29 00:00:00" 145 5218
"2009-01-30 00:00:00" 110 6505
"2009-01-31 00:00:00" 122 5883
"2009-02-01 00:00:00" 110 6046
"2009-02-02 00:00:00" 176 4475
"2009-02-03 00:00:00" 144 5216
"2009-02-04 00:00:00" 155 5081
"2009-02-06 00:00:00" 111 6510
"2009-02-08 00:00:00" 100 6732
"2009-02-09 00:00:00" 126 5837
"2009-02-10 00:00:00" 135 5547
"2009-02-11 00:00:00" 150 5051
"2009-02-12 00:00:00" 113 6353
"2009-02-13 00:00:00" 104 6647
"2009-02-14 00:00:00" 104 7299
"2009-02-16 00:00:00" 138 5404
"2009-02-17 00:00:00" 130 5672
"2009-02-18 00:00:00" 110 5743
"2009-02-19 00:00:00" 112 6289
"2009-02-21 00:00:00" 128 5619
"2009-02-22 00:00:00" 142 5129
"2009-02-23 00:00:00" 116 6271
"2009-02-24 00:00:00" 142 5298
"2009-02-25 00:00:00" 119 6248
"2009-02-26 00:00:00" 163 4918
"2009-02-27 00:00:00" 117 6363
"2009-02-28 00:00:00" 118 6209
"2009-03-02 00:00:00" 367 3075
"2009-03-03 00:00:00" 148 5282
"2009-03-04 00:00:00" 134 6058
"2009-03-05 00:00:00" 145 5336
"2009-03-06 00:00:00" 106 6795
"2009-03-10 00:00:00" 136 5540
"2009-03-11 00:00:00" 104 6978
"2009-03-12 00:00:00" 103 6884
"2009-03-15 00:00:00" 103 6564
"2009-03-18 00:00:00" 109 6566
"2009-03-22 00:00:00" 106 6365
"2009-03-23 00:00:00" 101 6947
"2009-03-24 00:00:00" 121 6135
"2009-03-25 00:00:00" 107 6672
"2009-03-26 00:00:00" 100 7060
"2009-04-01 00:00:00" 113 6181
"2009-04-03 00:00:00" 104 6822
"2009-04-05 00:00:00" 100 6767
"2009-04-06 00:00:00" 148 5051
"2009-04-07 00:00:00" 130 5782
"2009-04-08 00:00:00" 110 6583
"2009-04-14 00:00:00" 121 5988
"2009-04-15 00:00:00" 106 6724
"2009-04-16 00:00:00" 108 6554
"2009-04-22 00:00:00" 111 6362
"2009-07-24 00:00:00" 147 10461
"2009-07-25 00:00:00" 207 6692
"2009-07-26 00:00:00" 131 9606
"2009-07-27 00:00:00" 167 9509
"2009-07-28 00:00:00" 185 9001
"2009-07-29 00:00:00" 174 9687
"2009-07-30 00:00:00" 166 10203
"2009-07-31 00:00:00" 145 10703
"2009-08-07 00:00:00" 133 9370
"2009-08-08 00:00:00" 133 8344
"2009-08-09 00:00:00" 166 8319
"2009-08-10 00:00:00" 177 9227
"2009-08-11 00:00:00" 237 7264
"2009-08-12 00:00:00" 213 8530
"2009-08-13 00:00:00" 148 11027
"2009-08-14 00:00:00" 168 10189
"2009-08-15 00:00:00" 138 9446
"2009-08-16 00:00:00" 126 9100
"2009-08-17 00:00:00" 155 10633
"2009-08-18 00:00:00" 179 10113
"2009-08-19 00:00:00" 192 9711
"2009-08-20 00:00:00" 181 10091
"2009-08-21 00:00:00" 180 10130
"2009-08-22 00:00:00" 150 10180
"2009-08-23 00:00:00" 155 10059
"2009-08-24 00:00:00" 233 8210
"2009-08-25 00:00:00" 230 8245
"2009-08-26 00:00:00" 189 9652
"2009-08-27 00:00:00" 190 9972
"2009-08-28 00:00:00" 165 10775
"2009-08-29 00:00:00" 154 9711
"2009-08-30 00:00:00" 136 10908
"2009-08-31 00:00:00" 210 8849
"2009-09-01 00:00:00" 256 7789
"2009-09-02 00:00:00" 179 10064
"2009-09-03 00:00:00" 192 9848
"2009-09-04 00:00:00" 162 10889
"2009-09-05 00:00:00" 146 9994
"2009-09-06 00:00:00" 157 9493
"2009-09-07 00:00:00" 171 9739
"2009-09-08 00:00:00" 214 8895
"2009-09-09 00:00:00" 230 8357
"2009-09-10 00:00:00" 197 9835
"2009-09-11 00:00:00" 148 11728
"2009-09-12 00:00:00" 143 10579
"2009-09-13 00:00:00" 153 10838
"2009-09-14 00:00:00" 216 9137
"2009-09-15 00:00:00" 185 10428
"2009-09-16 00:00:00" 165 11614
"2009-09-17 00:00:00" 201 9903
"2009-09-18 00:00:00" 166 11357
"2009-09-19 00:00:00" 140 11397
"2009-09-20 00:00:00" 126 12458
"2009-09-21 00:00:00" 230 9142
"2009-09-22 00:00:00" 183 11321
"2009-09-23 00:00:00" 188 10389
"2009-09-24 00:00:00" 238 9322
"2009-09-25 00:00:00" 210 9811
"2009-09-26 00:00:00" 154 11017
"2009-09-27 00:00:00" 132 13139
"2009-09-28 00:00:00" 222 9850
"2009-09-29 00:00:00" 308 7704
"2009-09-30 00:00:00" 206 10713
"2009-10-01 00:00:00" 176 12280
"2009-10-02 00:00:00" 190 11057
"2009-10-03 00:00:00" 156 11206
"2009-10-04 00:00:00" 160 11298
"2009-10-05 00:00:00" 209 10390
"2009-10-06 00:00:00" 210 8936
"2009-10-08 00:00:00" 177 11358
"2009-10-09 00:00:00" 209 10408
"2009-10-10 00:00:00" 137 12428
"2009-10-11 00:00:00" 186 9847
"2009-10-12 00:00:00" 378 6222
"2009-10-13 00:00:00" 222 10067
"2009-10-14 00:00:00" 157 12880
"2009-10-15 00:00:00" 169 12353
"2009-10-16 00:00:00" 234 9522
"2009-10-17 00:00:00" 186 9872
"2009-10-18 00:00:00" 180 9898
"2009-10-19 00:00:00" 196 10883
"2009-10-20 00:00:00" 183 11187
"2009-10-21 00:00:00" 192 9623
"2009-10-22 00:00:00" 185 11786
"2009-10-23 00:00:00" 197 10713
"2009-10-24 00:00:00" 113 14391
"2009-10-25 00:00:00" 232 8662
"2009-10-26 00:00:00" 226 10008
"2009-10-27 00:00:00" 201 11222
"2009-10-28 00:00:00" 175 12463
"2009-10-29 00:00:00" 180 12252
"2009-10-30 00:00:00" 180 11748
"2009-10-31 00:00:00" 101 14793
"2009-11-01 00:00:00" 137 12627
"2009-11-02 00:00:00" 192 11168
"2009-11-03 00:00:00" 222 10471
"2009-11-04 00:00:00" 235 10158
"2009-11-05 00:00:00" 255 9578
"2009-11-06 00:00:00" 226 10150
"2009-11-07 00:00:00" 168 11160
"2009-11-08 00:00:00" 124 14347
"2009-11-11 00:00:00" 151 9913
"2009-11-12 00:00:00" 139 14121
"2009-11-13 00:00:00" 129 13566
"2009-11-14 00:00:00" 120 12426
"2009-11-15 00:00:00" 108 13807
"2009-11-16 00:00:00" 173 11028
"2009-11-17 00:00:00" 182 10448
"2009-11-18 00:00:00" 217 9580
"2009-11-19 00:00:00" 190 10692
"2009-11-20 00:00:00" 161 11619
"2009-11-21 00:00:00" 118 12988
"2009-11-22 00:00:00" 116 13694
"2009-11-23 00:00:00" 167 11667
"2009-11-24 00:00:00" 202 10103
"2009-11-25 00:00:00" 161 12094
"2009-11-26 00:00:00" 118 14460
"2009-11-27 00:00:00" 103 15715
"2009-11-28 00:00:00" 108 14006
"2009-11-29 00:00:00" 106 14536
"2009-11-30 00:00:00" 179 10992
"2009-12-01 00:00:00" 161 12797
"2009-12-02 00:00:00" 182 11686
"2009-12-03 00:00:00" 172 12083
"2009-12-04 00:00:00" 141 13886
"2009-12-05 00:00:00" 105 15175
"2009-12-06 00:00:00" 134 12963
"2009-12-07 00:00:00" 176 11626
"2009-12-08 00:00:00" 169 12105
"2009-12-09 00:00:00" 156 13059
"2009-12-10 00:00:00" 138 14641
"2009-12-11 00:00:00" 157 11872
"2009-12-12 00:00:00" 118 13737
"2009-12-13 00:00:00" 127 13573
"2009-12-14 00:00:00" 186 11325
"2009-12-15 00:00:00" 142 14192
"2009-12-16 00:00:00" 136 14599
"2009-12-22 00:00:00" 159 13134
"2009-12-23 00:00:00" 141 14051
"2009-12-24 00:00:00" 124 14103
"2009-12-26 00:00:00" 107 14054
"2009-12-27 00:00:00" 106 15333
"2009-12-28 00:00:00" 128 15037
"2009-12-29 00:00:00" 159 13778
"2009-12-30 00:00:00" 177 14713
"2009-12-31 00:00:00" 180 12787
"2010-01-01 00:00:00" 160 12645
"2010-01-02 00:00:00" 154 13939
"2010-01-03 00:00:00" 160 14462
"2010-01-04 00:00:00" 197 13666
"2010-01-05 00:00:00" 263 11144
"2010-01-06 00:00:00" 196 14365
"2010-01-07 00:00:00" 226 13385
"2010-01-08 00:00:00" 196 14669
"2010-01-09 00:00:00" 159 15448
"2010-01-10 00:00:00" 142 16788
"2010-01-11 00:00:00" 198 14934
"2010-01-12 00:00:00" 229 13485
"2010-01-13 00:00:00" 196 12881
"2010-01-14 00:00:00" 210 14233
"2010-01-15 00:00:00" 209 14177
"2010-01-16 00:00:00" 149 16373
"2010-01-17 00:00:00" 172 15440
"2010-01-18 00:00:00" 186 15764
"2010-01-19 00:00:00" 262 12500
"2010-01-20 00:00:00" 320 10432
"2010-01-21 00:00:00" 332 10503
"2010-01-22 00:00:00" 298 11193
"2010-01-23 00:00:00" 230 12228
"2010-01-24 00:00:00" 216 13471
"2010-01-25 00:00:00" 263 12836
"2010-01-26 00:00:00" 222 14816
"2010-01-27 00:00:00" 250 13050
"2010-01-28 00:00:00" 209 15259
"2010-01-29 00:00:00" 193 16549
"2010-01-30 00:00:00" 177 15481
"2010-01-31 00:00:00" 180 16238
"2010-02-01 00:00:00" 301 11598
"2010-02-02 00:00:00" 294 12216
"2010-02-03 00:00:00" 242 14108
"2010-02-04 00:00:00" 285 12514
"2010-02-05 00:00:00" 378 9890
"2010-02-06 00:00:00" 260 11914
"2010-02-07 00:00:00" 215 14144
"2010-02-08 00:00:00" 245 13844
"2010-02-09 00:00:00" 185 14287
"2010-02-10 00:00:00" 323 11880
"2010-02-11 00:00:00" 279 13152
"2010-02-12 00:00:00" 204 16347
"2010-02-13 00:00:00" 194 15054
"2010-02-14 00:00:00" 161 16621
"2010-02-15 00:00:00" 240 13473
"2010-02-16 00:00:00" 322 11493
"2010-02-17 00:00:00" 152 9575
"2010-02-18 00:00:00" 363 11590
"2010-02-19 00:00:00" 294 13156
"2010-02-20 00:00:00" 191 16698
"2010-02-21 00:00:00" 197 16557
"2010-02-23 00:00:00" 153 15006
"2010-02-24 00:00:00" 246 15513
"2010-02-25 00:00:00" 270 14668
"2010-02-26 00:00:00" 293 13616
"2010-02-27 00:00:00" 203 16560
"2010-02-28 00:00:00" 218 15727
"2010-03-01 00:00:00" 368 11323
"2010-03-02 00:00:00" 293 13765
"2010-03-03 00:00:00" 273 14075
"2010-03-04 00:00:00" 322 12739
"2010-03-05 00:00:00" 285 13810
"2010-03-06 00:00:00" 219 15379
"2010-03-07 00:00:00" 164 19913
"2010-03-08 00:00:00" 248 15285
"2010-03-09 00:00:00" 297 13520
"2010-03-10 00:00:00" 289 14006
"2010-03-11 00:00:00" 303 13277
"2010-03-12 00:00:00" 247 15353
"2010-03-13 00:00:00" 234 14623
"2010-03-14 00:00:00" 255 13133
"2010-03-15 00:00:00" 259 15104
"2010-03-16 00:00:00" 298 13773
"2010-03-17 00:00:00" 266 14539
"2010-03-18 00:00:00" 251 15604
"2010-03-19 00:00:00" 236 16144
"2010-03-20 00:00:00" 231 14993
"2010-03-21 00:00:00" 197 17818
"2010-03-22 00:00:00" 285 14517
"2010-03-23 00:00:00" 294 14437
"2010-03-24 00:00:00" 283 14940
"2010-03-25 00:00:00" 254 16376
"2010-03-26 00:00:00" 227 15100
"2010-03-28 00:00:00" 194 18521
"2010-03-29 00:00:00" 258 16514
"2010-03-30 00:00:00" 303 14745
"2010-03-31 00:00:00" 245 17093
"2010-04-01 00:00:00" 174 16794
"2010-04-02 00:00:00" 289 13927
"2010-04-03 00:00:00" 195 18013
"2010-04-04 00:00:00" 169 20589
"2010-04-05 00:00:00" 229 17473
"2010-04-06 00:00:00" 308 14814
"2010-04-07 00:00:00" 276 16079
"2010-04-08 00:00:00" 258 16816
"2010-04-09 00:00:00" 266 16007
"2010-04-10 00:00:00" 288 14099
"2010-04-11 00:00:00" 249 15914
"2010-04-12 00:00:00" 308 14535
"2010-04-13 00:00:00" 332 14185
"2010-04-14 00:00:00" 380 12926
"2010-04-15 00:00:00" 328 14412
"2010-04-16 00:00:00" 252 17341
"2010-04-17 00:00:00" 203 18670
"2010-04-18 00:00:00" 205 19193
"2010-04-19 00:00:00" 272 16521
"2010-04-20 00:00:00" 264 17299
"2010-04-21 00:00:00" 266 17249
"2010-04-22 00:00:00" 321 15403
"2010-04-23 00:00:00" 236 18801
"2010-04-24 00:00:00" 220 18257
"2010-04-25 00:00:00" 315 14215
"2010-04-26 00:00:00" 308 15516
"2010-04-27 00:00:00" 253 17814
"2010-04-28 00:00:00" 303 15991
"2010-04-29 00:00:00" 312 15104
"2010-04-30 00:00:00" 260 16967
"2010-05-01 00:00:00" 248 16383
"2010-05-02 00:00:00" 223 18402
"2010-05-03 00:00:00" 308 15010
"2010-05-04 00:00:00" 294 15420
"2010-05-05 00:00:00" 313 15390
"2010-05-06 00:00:00" 357 13666
"2010-05-07 00:00:00" 315 14906
"2010-05-08 00:00:00" 195 19963
"2010-05-09 00:00:00" 164 22691
"2010-05-10 00:00:00" 280 16555
"2010-05-11 00:00:00" 210 15702
"2010-05-12 00:00:00" 376 13552
"2010-05-13 00:00:00" 280 16964
"2010-05-14 00:00:00" 236 17287
"2010-05-15 00:00:00" 216 19015
"2010-05-16 00:00:00" 231 18910
"2010-05-17 00:00:00" 243 17117
"2010-05-18 00:00:00" 315 16461
"2010-05-19 00:00:00" 358 14936
"2010-05-20 00:00:00" 329 15937
"2010-05-21 00:00:00" 272 18174
"2010-05-22 00:00:00" 226 19059
"2010-05-23 00:00:00" 216 20430
"2010-05-24 00:00:00" 225 18641
"2010-05-25 00:00:00" 303 17528
"2010-05-26 00:00:00" 301 17838
"2010-05-27 00:00:00" 323 16737
"2010-05-28 00:00:00" 284 18279
"2010-05-29 00:00:00" 200 21786
"2010-05-30 00:00:00" 235 19561
"2010-05-31 00:00:00" 243 20488
"2010-06-01 00:00:00" 292 18656
"2010-06-02 00:00:00" 323 17381
"2010-06-03 00:00:00" 343 16410
"2010-06-04 00:00:00" 336 16347
"2010-06-05 00:00:00" 193 22905
"2010-06-06 00:00:00" 259 19183
"2010-06-07 00:00:00" 312 18172
"2010-06-09 00:00:00" 503 11626
"2010-06-10 00:00:00" 378 15860
"2010-06-11 00:00:00" 303 17786
"2010-06-12 00:00:00" 360 14910
"2010-06-13 00:00:00" 299 17099
"2010-06-14 00:00:00" 396 15260
"2010-06-15 00:00:00" 1019 7505
"2010-06-16 00:00:00" 527 12733
"2010-06-17 00:00:00" 405 15418
"2010-06-18 00:00:00" 362 16362
"2010-06-19 00:00:00" 297 17142
"2010-06-20 00:00:00" 276 19243
"2010-06-21 00:00:00" 415 14901
"2010-06-22 00:00:00" 451 14085
"2010-06-23 00:00:00" 478 13520
"2010-06-24 00:00:00" 357 17677
"2010-06-25 00:00:00" 327 18151
"2010-06-26 00:00:00" 239 20654
"2010-06-27 00:00:00" 366 16359
"2010-06-28 00:00:00" 529 12620
"2010-06-29 00:00:00" 706 9957
"2010-06-30 00:00:00" 324 18519
"2010-07-01 00:00:00" 405 15294
"2010-07-02 00:00:00" 252 21715
"2010-07-03 00:00:00" 217 22346
"2010-07-04 00:00:00" 220 21181
"2010-07-05 00:00:00" 260 20951
"2010-07-06 00:00:00" 414 15151
"2010-07-07 00:00:00" 379 16757
"2010-07-08 00:00:00" 410 15659
"2010-07-09 00:00:00" 291 20062
"2010-07-10 00:00:00" 231 21487
"2010-07-11 00:00:00" 202 25380
"2010-07-12 00:00:00" 298 19747
"2010-07-13 00:00:00" 261 22449
"2010-07-14 00:00:00" 501 13441
"2010-07-15 00:00:00" 109 18792
"2010-07-19 00:00:00" 151 13817
"2010-07-20 00:00:00" 132 15792
"2010-07-21 00:00:00" 128 16539
"2010-07-26 00:00:00" 162 13783
"2010-07-27 00:00:00" 134 16177
"2010-07-28 00:00:00" 165 13946
"2010-07-29 00:00:00" 132 16266
"2010-07-30 00:00:00" 103 19583
"2010-08-02 00:00:00" 115 17674
"2010-08-03 00:00:00" 110 18646
"2010-08-04 00:00:00" 119 17733
"2010-08-06 00:00:00" 109 18769
"2010-08-07 00:00:00" 100 18170
"2010-08-09 00:00:00" 127 17159
"2010-08-10 00:00:00" 130 17628
"2010-08-11 00:00:00" 139 16921
"2010-08-12 00:00:00" 112 19796
"2010-08-16 00:00:00" 129 17077
"2010-08-17 00:00:00" 145 16083
"2010-08-18 00:00:00" 129 17419
"2010-08-19 00:00:00" 123 18056
"2010-08-20 00:00:00" 111 19047
"2010-08-23 00:00:00" 115 19045
"2010-08-24 00:00:00" 158 14968
"2010-08-25 00:00:00" 174 13808
"2010-08-26 00:00:00" 127 17986
"2010-08-27 00:00:00" 117 18758
"2010-08-29 00:00:00" 123 17237
"2010-08-30 00:00:00" 131 17623
"2010-08-31 00:00:00" 152 15919
"2010-09-01 00:00:00" 260 15887
"2010-09-02 00:00:00" 196 18876
"2010-09-03 00:00:00" 205 20922
"2010-09-04 00:00:00" 181 20894
"2010-09-05 00:00:00" 149 24938
"2010-09-06 00:00:00" 198 22127
"2010-09-07 00:00:00" 271 18022
"2010-09-08 00:00:00" 327 15627
"2010-09-09 00:00:00" 205 22433
"2010-09-10 00:00:00" 213 19313
"2010-09-11 00:00:00" 212 19704
"2010-09-12 00:00:00" 184 23558
"2010-09-13 00:00:00" 265 17835
"2010-09-14 00:00:00" 253 18669
"2010-09-15 00:00:00" 242 19999
"2010-09-16 00:00:00" 236 20137
"2010-09-17 00:00:00" 198 22110
"2010-09-18 00:00:00" 164 23569
"2010-09-19 00:00:00" 205 20698
"2010-09-20 00:00:00" 284 17007
"2010-09-21 00:00:00" 290 16424
"2010-09-22 00:00:00" 225 20560
"2010-09-23 00:00:00" 296 17071
"2010-09-24 00:00:00" 368 14002
"2010-09-25 00:00:00" 222 19503
"2010-09-26 00:00:00" 153 25727
"2010-09-27 00:00:00" 261 18969
"2010-09-28 00:00:00" 228 19588
"2010-09-29 00:00:00" 226 19721
"2010-09-30 00:00:00" 257 18158
"2010-10-01 00:00:00" 230 18845
"2010-10-02 00:00:00" 204 21011
"2010-10-03 00:00:00" 233 20224
"2010-10-04 00:00:00" 255 17395
"2010-10-05 00:00:00" 262 16724
"2010-10-06 00:00:00" 197 18377
"2010-10-07 00:00:00" 222 19588
"2010-10-08 00:00:00" 431 12575
"2010-10-09 00:00:00" 229 18812
"2010-10-10 00:00:00" 293 15200
"2010-10-11 00:00:00" 434 11645
"2010-10-12 00:00:00" 232 19127
"2010-10-13 00:00:00" 199 20980
"2010-10-14 00:00:00" 209 22104
"2010-10-15 00:00:00" 158 25377
"2010-10-16 00:00:00" 175 23612
"2010-10-17 00:00:00" 181 22079
"2010-10-18 00:00:00" 220 18736
"2010-10-19 00:00:00" 242 16932
"2010-10-20 00:00:00" 309 14365
"2010-10-21 00:00:00" 282 14913
"2010-10-22 00:00:00" 183 19923
"2010-10-23 00:00:00" 180 22749
"2010-10-24 00:00:00" 168 20123
"2010-10-25 00:00:00" 263 15642
"2010-10-26 00:00:00" 212 21025
"2010-10-27 00:00:00" 189 20868
"2010-10-28 00:00:00" 244 19060
"2010-10-29 00:00:00" 190 22856
"2010-10-30 00:00:00" 176 22695
"2010-10-31 00:00:00" 136 24325
"2010-11-01 00:00:00" 158 20633
"2010-11-02 00:00:00" 182 21633
"2010-11-03 00:00:00" 204 18172
"2010-11-04 00:00:00" 161 19856
"2010-11-05 00:00:00" 132 24695
"2010-11-06 00:00:00" 144 24733
"2010-11-07 00:00:00" 118 27532
"2010-11-08 00:00:00" 204 15124
"2010-11-09 00:00:00" 195 18112
"2010-11-10 00:00:00" 180 19591
"2010-11-11 00:00:00" 157 21987
"2010-11-12 00:00:00" 180 22070
"2010-11-13 00:00:00" 175 23308
"2010-11-14 00:00:00" 175 20221
"2010-11-15 00:00:00" 142 22802
"2010-11-16 00:00:00" 171 20184
"2010-11-17 00:00:00" 204 16962
"2010-11-18 00:00:00" 142 25298
"2010-11-19 00:00:00" 204 23219
"2010-11-20 00:00:00" 175 24775
"2010-11-21 00:00:00" 181 24076
"2010-11-22 00:00:00" 259 19450
"2010-11-23 00:00:00" 224 23164
"2010-11-24 00:00:00" 227 20936
"2010-11-25 00:00:00" 249 21110
"2010-11-26 00:00:00" 187 26242
"2010-11-27 00:00:00" 193 24078
"2010-11-28 00:00:00" 191 22621
"2010-11-29 00:00:00" 204 19878
"2010-11-30 00:00:00" 167 23314
"2010-12-01 00:00:00" 197 22273
"2010-12-02 00:00:00" 151 24641
"2010-12-03 00:00:00" 155 25108
"2010-12-04 00:00:00" 141 25233
"2010-12-05 00:00:00" 129 25520
"2010-12-06 00:00:00" 135 24280
"2010-12-07 00:00:00" 249 22808
"2010-12-08 00:00:00" 267 21390
"2010-12-09 00:00:00" 250 22503
"2010-12-10 00:00:00" 180 28392
"2010-12-11 00:00:00" 172 27146
"2010-12-12 00:00:00" 215 23537
"2010-12-13 00:00:00" 242 23525
"2010-12-14 00:00:00" 320 19163
"2010-12-15 00:00:00" 456 14368
"2010-12-16 00:00:00" 269 21666
"2010-12-17 00:00:00" 258 21790
"2010-12-18 00:00:00" 165 26851
"2010-12-19 00:00:00" 242 21282
"2010-12-20 00:00:00" 306 19890
"2010-12-21 00:00:00" 274 21435
"2010-12-22 00:00:00" 223 24949
"2010-12-23 00:00:00" 240 23013
"2010-12-24 00:00:00" 191 25119
"2010-12-25 00:00:00" 127 29830
"2010-12-26 00:00:00" 139 32211
"2010-12-27 00:00:00" 211 25382
"2010-12-28 00:00:00" 229 24428
"2010-12-29 00:00:00" 289 20952
"2010-12-30 00:00:00" 242 23478
"2010-12-31 00:00:00" 182 27334
"2011-01-01 00:00:00" 142 29308
"2011-01-02 00:00:00" 205 24305
"2011-01-03 00:00:00" 258 22402
"2011-01-04 00:00:00" 288 21354
"2011-01-05 00:00:00" 314 20378
"2011-01-06 00:00:00" 268 22766
"2011-01-07 00:00:00" 281 21832
"2011-01-08 00:00:00" 215 25282
"2011-01-09 00:00:00" 236 23711
"2011-01-10 00:00:00" 323 20014
"2011-01-11 00:00:00" 263 23981
"2011-01-12 00:00:00" 323 19923
"2011-01-13 00:00:00" 291 21814
"2011-01-14 00:00:00" 290 21484
"2011-01-15 00:00:00" 225 24042
"2011-01-16 00:00:00" 216 25656
"2011-01-17 00:00:00" 328 19524
"2011-01-18 00:00:00" 341 19115
"2011-01-19 00:00:00" 360 18512
"2011-01-20 00:00:00" 386 17613
"2011-01-21 00:00:00" 321 19941
"2011-01-22 00:00:00" 269 21303
"2011-01-23 00:00:00" 246 23768
"2011-01-24 00:00:00" 380 17888
"2011-01-25 00:00:00" 314 21548
"2011-01-26 00:00:00" 320 21006
"2011-01-27 00:00:00" 307 22019
"2011-01-28 00:00:00" 287 22614
"2011-01-29 00:00:00" 237 24495
"2011-01-30 00:00:00" 272 22883
"2011-01-31 00:00:00" 295 22407
"2011-02-01 00:00:00" 359 19414
"2011-02-02 00:00:00" 316 22068
"2011-02-03 00:00:00" 332 20910
"2011-02-04 00:00:00" 280 23588
"2011-02-05 00:00:00" 279 22292
"2011-02-06 00:00:00" 285 23189
"2011-02-07 00:00:00" 362 18931
"2011-02-08 00:00:00" 340 20691
"2011-02-09 00:00:00" 322 21195
"2011-02-10 00:00:00" 291 23869
"2011-02-11 00:00:00" 262 25561
"2011-02-12 00:00:00" 270 23244
"2011-02-13 00:00:00" 327 21311
"2011-02-14 00:00:00" 382 18855
"2011-02-15 00:00:00" 351 20504
"2011-02-16 00:00:00" 304 23502
"2011-02-17 00:00:00" 355 20810
"2011-02-18 00:00:00" 409 18355
"2011-02-19 00:00:00" 253 24886
"2011-02-20 00:00:00" 233 27760
"2011-02-21 00:00:00" 313 23775
"2011-02-22 00:00:00" 316 24184
"2011-02-23 00:00:00" 472 17273
"2011-02-24 00:00:00" 371 20972
"2011-02-25 00:00:00" 366 21295
"2011-02-26 00:00:00" 363 17482
"2011-02-27 00:00:00" 326 20860
"2011-02-28 00:00:00" 490 15466
"2011-03-01 00:00:00" 363 20296
"2011-03-02 00:00:00" 381 19684
"2011-03-03 00:00:00" 350 20893
"2011-03-04 00:00:00" 279 25017
"2011-03-05 00:00:00" 286 22676
"2011-03-06 00:00:00" 315 21280
"2011-03-07 00:00:00" 399 18456
"2011-03-08 00:00:00" 357 21065
"2011-03-09 00:00:00" 395 19637
"2011-03-10 00:00:00" 363 21301
"2011-03-11 00:00:00" 291 31699
"2011-03-12 00:00:00" 289 27480
"2011-03-13 00:00:00" 294 26821
"2011-03-14 00:00:00" 391 21948
"2011-03-15 00:00:00" 345 24321
"2011-03-16 00:00:00" 376 22059
"2011-03-17 00:00:00" 333 23526
"2011-03-18 00:00:00" 355 22144
"2011-03-19 00:00:00" 315 23092
"2011-03-20 00:00:00" 342 22376
"2011-03-21 00:00:00" 350 22802
"2011-03-22 00:00:00" 413 20201
"2011-03-23 00:00:00" 458 18609
"2011-03-24 00:00:00" 408 20419
"2011-03-25 00:00:00" 346 22844
"2011-03-26 00:00:00" 319 22948
"2011-03-27 00:00:00" 316 24242
"2011-03-28 00:00:00" 354 22912
"2011-03-29 00:00:00" 446 19695
"2011-03-30 00:00:00" 514 17181
"2011-03-31 00:00:00" 545 16644
"2011-04-01 00:00:00" 524 16420
"2011-04-02 00:00:00" 397 19537
"2011-04-03 00:00:00" 321 23962
"2011-04-04 00:00:00" 384 21668
"2011-04-05 00:00:00" 403 20593
"2011-04-06 00:00:00" 381 19772
"2011-04-07 00:00:00" 616 15021
"2011-04-08 00:00:00" 506 16948
"2011-04-09 00:00:00" 363 21012
"2011-04-10 00:00:00" 364 21647
"2011-04-11 00:00:00" 346 23537
"2011-04-12 00:00:00" 377 22134
"2011-04-13 00:00:00" 372 20853
"2011-04-14 00:00:00" 374 20360
"2011-04-15 00:00:00" 377 22040
"2011-04-16 00:00:00" 305 24773
"2011-04-17 00:00:00" 306 25029
"2011-04-18 00:00:00" 390 21780
"2011-04-19 00:00:00" 408 21753
"2011-04-20 00:00:00" 408 21779
"2011-04-21 00:00:00" 412 20752
"2011-04-22 00:00:00" 456 18498
"2011-04-23 00:00:00" 313 24206
"2011-04-24 00:00:00" 253 29441
"2011-04-25 00:00:00" 468 19122
"2011-04-26 00:00:00" 432 20315
"2011-04-27 00:00:00" 414 22282
"2011-04-28 00:00:00" 352 24737
"2011-04-29 00:00:00" 340 24545
"2011-04-30 00:00:00" 341 22658
"2011-05-01 00:00:00" 287 27477
"2011-05-02 00:00:00" 395 22480
"2011-05-03 00:00:00" 413 21581
"2011-05-04 00:00:00" 420 21416
"2011-05-05 00:00:00" 545 17100
"2011-05-06 00:00:00" 416 21132
"2011-05-07 00:00:00" 347 23032
"2011-05-08 00:00:00" 405 20988
"2011-05-09 00:00:00" 426 21118
"2011-05-10 00:00:00" 380 22692
"2011-05-11 00:00:00" 393 22824
"2011-05-12 00:00:00" 383 23538
"2011-05-13 00:00:00" 389 21670
"2011-05-14 00:00:00" 409 20745
"2011-05-15 00:00:00" 364 24248
"2011-05-16 00:00:00" 424 22090
"2011-05-17 00:00:00" 419 21831
"2011-05-18 00:00:00" 444 21422
"2011-05-19 00:00:00" 418 22165
"2011-05-20 00:00:00" 341 25890
"2011-05-21 00:00:00" 363 23410
"2011-05-22 00:00:00" 311 27180
"2011-05-23 00:00:00" 496 19225
"2011-05-24 00:00:00" 380 24330
"2011-05-25 00:00:00" 443 20801
"2011-05-26 00:00:00" 451 20880
"2011-05-27 00:00:00" 390 22935
"2011-05-28 00:00:00" 316 25654
"2011-05-29 00:00:00" 300 26867
"2011-05-30 00:00:00" 333 25886
"2011-05-31 00:00:00" 374 24552
"2011-06-01 00:00:00" 376 24624
"2011-06-02 00:00:00" 423 22316
"2011-06-03 00:00:00" 514 18892
"2011-06-04 00:00:00" 322 25346
"2011-06-05 00:00:00" 450 20337
"2011-06-06 00:00:00" 391 23620
"2011-06-07 00:00:00" 409 23306
"2011-06-08 00:00:00" 359 25593
"2011-06-09 00:00:00" 466 20971
"2011-06-10 00:00:00" 390 23196
"2011-06-11 00:00:00" 302 26223
"2011-06-12 00:00:00" 350 24784
"2011-06-13 00:00:00" 340 26232
"2011-06-14 00:00:00" 436 21858
"2011-06-15 00:00:00" 399 24012
"2011-06-16 00:00:00" 399 23996
"2011-06-17 00:00:00" 375 24308
"2011-06-18 00:00:00" 297 26661
"2011-06-19 00:00:00" 290 28400
"2011-06-20 00:00:00" 390 23958
"2011-06-21 00:00:00" 445 22211
"2011-06-22 00:00:00" 469 21892
"2011-06-23 00:00:00" 432 22827
"2011-06-24 00:00:00" 532 18887
"2011-06-25 00:00:00" 377 22970
"2011-06-26 00:00:00" 346 26156
"2011-06-27 00:00:00" 503 20037
"2011-06-28 00:00:00" 614 17662
"2011-06-29 00:00:00" 575 18631
"2011-06-30 00:00:00" 579 18434
"2011-07-01 00:00:00" 560 18239
"2011-07-02 00:00:00" 327 24939
"2011-07-03 00:00:00" 432 20970
"2011-07-04 00:00:00" 343 26336
"2011-07-05 00:00:00" 385 25226
"2011-07-06 00:00:00" 462 22460
"2011-07-07 00:00:00" 446 22599
"2011-07-08 00:00:00" 444 22633
"2011-07-09 00:00:00" 314 27190
"2011-07-10 00:00:00" 352 25331
"2011-07-11 00:00:00" 428 23239
"2011-07-12 00:00:00" 415 24294
"2011-07-13 00:00:00" 441 23491
"2011-07-14 00:00:00" 407 24984
"2011-07-15 00:00:00" 388 25143
"2011-07-16 00:00:00" 322 26847
"2011-07-17 00:00:00" 355 26079
"2011-07-18 00:00:00" 444 21923
"2011-07-19 00:00:00" 410 25343
"2011-07-20 00:00:00" 442 23827
"2011-07-21 00:00:00" 445 23830
"2011-07-22 00:00:00" 404 24806
"2011-07-23 00:00:00" 352 26147
"2011-07-24 00:00:00" 380 24633
"2011-07-25 00:00:00" 435 23974
"2011-07-26 00:00:00" 528 21014
"2011-07-27 00:00:00" 571 19599
"2011-07-28 00:00:00" 410 25287
"2011-07-29 00:00:00" 514 20724
"2011-07-30 00:00:00" 312 28372
"2011-07-31 00:00:00" 312 29352
"2011-08-01 00:00:00" 351 28199
"2011-08-02 00:00:00" 393 26335
"2011-08-03 00:00:00" 444 24343
"2011-08-04 00:00:00" 479 22804
"2011-08-05 00:00:00" 527 20674
"2011-08-06 00:00:00" 411 22747
"2011-08-07 00:00:00" 384 25212
"2011-08-08 00:00:00" 407 25621
"2011-08-09 00:00:00" 436 23298
"2011-08-10 00:00:00" 542 20716
"2011-08-11 00:00:00" 481 22587
"2011-08-12 00:00:00" 379 26499
"2011-08-13 00:00:00" 345 26447
"2011-08-14 00:00:00" 390 24788
"2011-08-15 00:00:00" 440 23726
"2011-08-16 00:00:00" 429 24786
"2011-08-17 00:00:00" 480 22780
"2011-08-18 00:00:00" 446 24369
"2011-08-19 00:00:00" 383 26898
"2011-08-20 00:00:00" 392 25072
"2011-08-21 00:00:00" 384 26164
"2011-08-22 00:00:00" 360 28795
"2011-08-23 00:00:00" 484 23107
"2011-08-24 00:00:00" 549 21078
"2011-08-25 00:00:00" 378 28571
"2011-08-26 00:00:00" 376 28157
"2011-08-27 00:00:00" 311 30745
"2011-08-28 00:00:00" 369 28533
"2011-08-29 00:00:00" 519 21807
"2011-08-30 00:00:00" 441 24084
"2011-08-31 00:00:00" 386 26746
"2011-09-01 00:00:00" 395 25857
"2011-09-02 00:00:00" 344 29097
"2011-09-03 00:00:00" 289 31556
"2011-09-04 00:00:00" 322 25686
"2011-09-05 00:00:00" 204 25817
"2011-09-06 00:00:00" 311 16497
"2011-09-07 00:00:00" 196 23103
"2011-09-08 00:00:00" 442 24308
"2011-09-09 00:00:00" 422 24684
"2011-09-10 00:00:00" 440 22557
"2011-09-11 00:00:00" 456 22478
"2011-09-12 00:00:00" 409 25181
"2011-09-13 00:00:00" 542 20176
"2011-09-14 00:00:00" 500 21370
"2011-09-15 00:00:00" 422 24575
"2011-09-16 00:00:00" 363 27518
"2011-09-17 00:00:00" 341 27836
"2011-09-18 00:00:00" 384 26663
"2011-09-19 00:00:00" 463 23140
"2011-09-20 00:00:00" 419 25144
"2011-09-21 00:00:00" 486 23602
"2011-09-22 00:00:00" 503 22013
"2011-09-23 00:00:00" 387 27056
"2011-09-24 00:00:00" 372 26722
"2011-09-25 00:00:00" 370 27836
"2011-09-26 00:00:00" 419 25673
"2011-09-27 00:00:00" 493 23069
"2011-09-28 00:00:00" 384 27574
"2011-09-29 00:00:00" 410 24595
"2011-09-30 00:00:00" 411 24946
"2011-10-01 00:00:00" 337 28972
"2011-10-02 00:00:00" 362 28385
"2011-10-03 00:00:00" 426 25115
"2011-10-04 00:00:00" 543 21163
"2011-10-05 00:00:00" 412 26000
"2011-10-06 00:00:00" 422 27869
"2011-10-07 00:00:00" 290 27433
"2011-10-08 00:00:00" 166 31593
"2011-10-10 00:00:00" 331 24796
"2011-10-11 00:00:00" 421 24279
"2011-10-12 00:00:00" 833 13826
"2011-10-13 00:00:00" 566 20499
"2011-10-14 00:00:00" 546 20239
"2011-10-15 00:00:00" 402 25919
"2011-10-16 00:00:00" 509 21910
"2011-10-17 00:00:00" 420 26682
"2011-10-18 00:00:00" 473 24810
"2011-10-19 00:00:00" 473 25078
"2011-10-20 00:00:00" 381 28971
"2011-10-21 00:00:00" 393 27470
"2011-10-22 00:00:00" 354 28703
"2011-10-23 00:00:00" 384 28717
"2011-10-24 00:00:00" 521 23188
"2011-10-25 00:00:00" 444 26465
"2011-10-26 00:00:00" 404 28666
"2011-10-27 00:00:00" 1327 11055
"2011-10-28 00:00:00" 584 20868
"2011-10-29 00:00:00" 374 28373
"2011-10-30 00:00:00" 402 27958
"2011-11-01 00:00:00" 500 23883
"2011-11-02 00:00:00" 542 22617
"2011-11-03 00:00:00" 449 26213
"2011-11-04 00:00:00" 430 26570
"2011-11-05 00:00:00" 323 32700
"2011-11-06 00:00:00" 372 30640
"2011-11-07 00:00:00" 469 25286
"2011-11-08 00:00:00" 466 25383
"2011-11-09 00:00:00" 497 24556
"2011-11-10 00:00:00" 503 24338
"2011-11-11 00:00:00" 414 28024
"2011-11-12 00:00:00" 376 28422
"2011-11-13 00:00:00" 490 24266
"2011-11-14 00:00:00" 432 27167
"2011-11-15 00:00:00" 406 29052
"2011-11-16 00:00:00" 475 25427
"2011-11-17 00:00:00" 381 30020
"2011-11-18 00:00:00" 345 31291
"2011-11-19 00:00:00" 168 26059
"2011-11-20 00:00:00" 521 23915
"2011-11-21 00:00:00" 488 25853
"2011-11-22 00:00:00" 464 27146
"2011-11-23 00:00:00" 424 29112
"2011-11-24 00:00:00" 359 31600
"2011-11-25 00:00:00" 357 31197
"2011-11-26 00:00:00" 362 30787
"2011-11-27 00:00:00" 389 30223
"2011-11-28 00:00:00" 474 26443
"2011-11-29 00:00:00" 524 24490
"2011-11-30 00:00:00" 603 22463
"2011-12-01 00:00:00" 483 26237
"2011-12-02 00:00:00" 404 29703
"2011-12-03 00:00:00" 362 31266
"2011-12-04 00:00:00" 407 30448
"2011-12-05 00:00:00" 587 23105
"2011-12-06 00:00:00" 546 24873
"2011-12-07 00:00:00" 510 25899
"2011-12-08 00:00:00" 466 27224
"2011-12-09 00:00:00" 412 29752
"2011-12-10 00:00:00" 400 29892
"2011-12-11 00:00:00" 389 30223
"2011-12-12 00:00:00" 465 27522
"2011-12-13 00:00:00" 430 29306
"2011-12-14 00:00:00" 443 28122
"2011-12-15 00:00:00" 496 26273
"2011-12-16 00:00:00" 461 27183
"2011-12-17 00:00:00" 454 25976
"2011-12-18 00:00:00" 435 28363
"2011-12-19 00:00:00" 542 24926
"2011-12-20 00:00:00" 464 28404
"2011-12-21 00:00:00" 459 28721
"2011-12-22 00:00:00" 468 27923
"2011-12-23 00:00:00" 359 33624
"2011-12-24 00:00:00" 300 35702
"2011-12-25 00:00:00" 398 27629
"2011-12-26 00:00:00" 434 27965
"2011-12-27 00:00:00" 464 28021
"2011-12-28 00:00:00" 461 28291
"2011-12-29 00:00:00" 456 29227
"2011-12-30 00:00:00" 438 29775
"2011-12-31 00:00:00" 386 29385
"2012-01-01 00:00:00" 412 27744
"2012-01-02 00:00:00" 482 27519
"2012-01-03 00:00:00" 631 23051
"2012-01-04 00:00:00" 533 27879
"2012-01-05 00:00:00" 831 18757
"2012-01-06 00:00:00" 536 25920
"2012-01-07 00:00:00" 380 32662
"2012-01-08 00:00:00" 486 28055
"2012-01-09 00:00:00" 552 26050
"2012-01-10 00:00:00" 559 25697
"2012-01-11 00:00:00" 578 25151
"2012-01-12 00:00:00" 576 23244
"2012-01-13 00:00:00" 548 25671
"2012-01-14 00:00:00" 584 23897
"2012-01-15 00:00:00" 625 23166
"2012-01-16 00:00:00" 635 23897
"2012-01-17 00:00:00" 563 26242
"2012-01-18 00:00:00" 679 22799
"2012-01-19 00:00:00" 546 26702
"2012-01-20 00:00:00" 503 27520
"2012-01-21 00:00:00" 469 28417
"2012-01-22 00:00:00" 713 20808
"2012-01-23 00:00:00" 534 27745
"2012-01-24 00:00:00" 621 24814
"2012-01-25 00:00:00" 554 27692
"2012-01-26 00:00:00" 729 21582
"2012-01-27 00:00:00" 622 24136
"2012-01-28 00:00:00" 434 30251
"2012-01-29 00:00:00" 696 21914
"2012-01-30 00:00:00" 569 26784
"2012-01-31 00:00:00" 742 22113
"2012-02-01 00:00:00" 593 26368
"2012-02-02 00:00:00" 584 26905
"2012-02-03 00:00:00" 513 28708
"2012-02-04 00:00:00" 486 29269
"2012-02-05 00:00:00" 532 28214
"2012-02-06 00:00:00" 615 25201
"2012-02-07 00:00:00" 509 29504
"2012-02-08 00:00:00" 556 27555
"2012-02-09 00:00:00" 536 27895
"2012-02-10 00:00:00" 548 27121
"2012-02-11 00:00:00" 578 25985
"2012-02-12 00:00:00" 851 20312
"2012-02-13 00:00:00" 636 24692
"2012-02-14 00:00:00" 700 22390
"2012-02-15 00:00:00" 649 23989
"2012-02-16 00:00:00" 584 26284
"2012-02-17 00:00:00" 585 25894
"2012-02-18 00:00:00" 540 26402
"2012-02-19 00:00:00" 521 27805
"2012-02-20 00:00:00" 611 25186
"2012-02-21 00:00:00" 703 23509
"2012-02-22 00:00:00" 782 21724
"2012-02-23 00:00:00" 701 23578
"2012-02-24 00:00:00" 641 24748
"2012-02-25 00:00:00" 570 26418
"2012-02-26 00:00:00" 660 24650
"2012-02-27 00:00:00" 709 23022
"2012-02-28 00:00:00" 670 24866
"2012-02-29 00:00:00" 706 23867
"2012-03-01 00:00:00" 628 25417
"2012-03-02 00:00:00" 632 24878
"2012-03-03 00:00:00" 591 25920
"2012-03-04 00:00:00" 597 26784
"2012-03-05 00:00:00" 672 24658
"2012-03-06 00:00:00" 682 24256
"2012-03-07 00:00:00" 697 23946
"2012-03-08 00:00:00" 698 23434
"2012-03-09 00:00:00" 754 21766
"2012-03-10 00:00:00" 572 26769
"2012-03-11 00:00:00" 658 24037
"2012-03-12 00:00:00" 683 24589
"2012-03-13 00:00:00" 719 23779
"2012-03-14 00:00:00" 670 25058
"2012-03-15 00:00:00" 637 25956
"2012-03-16 00:00:00" 723 22934
"2012-03-17 00:00:00" 765 21577
"2012-03-18 00:00:00" 661 25479
"2012-03-19 00:00:00" 658 25701
"2012-03-20 00:00:00" 644 26517
"2012-03-21 00:00:00" 646 26668
"2012-03-22 00:00:00" 693 24887
"2012-03-23 00:00:00" 617 26489
"2012-03-24 00:00:00" 568 27801
"2012-03-25 00:00:00" 528 31111
"2012-03-26 00:00:00" 762 23377
"2012-03-27 00:00:00" 824 21780
"2012-03-28 00:00:00" 641 26774
"2012-03-29 00:00:00" 742 23743
"2012-03-30 00:00:00" 680 25272
"2012-03-31 00:00:00" 666 25288
"2012-04-01 00:00:00" 583 28127
"2012-04-02 00:00:00" 623 27760
"2012-04-03 00:00:00" 859 21933
"2012-04-04 00:00:00" 719 24652
"2012-04-05 00:00:00" 729 24149
"2012-04-06 00:00:00" 622 27134
"2012-04-07 00:00:00" 524 30669
"2012-04-08 00:00:00" 503 32420
"2012-04-09 00:00:00" 710 25469
"2012-04-10 00:00:00" 703 26108
"2012-04-11 00:00:00" 665 28316
"2012-04-12 00:00:00" 609 28643
"2012-04-13 00:00:00" 585 29155
"2012-04-14 00:00:00" 616 27653
"2012-04-15 00:00:00" 687 26417
"2012-04-16 00:00:00" 710 25794
"2012-04-17 00:00:00" 1008 19483
"2012-04-18 00:00:00" 819 23298
"2012-04-19 00:00:00" 683 26426
"2012-04-20 00:00:00" 632 27841
"2012-04-21 00:00:00" 174 36221
"2012-04-23 00:00:00" 392 24540
"2012-04-24 00:00:00" 883 22503
"2012-04-25 00:00:00" 746 25518
"2012-04-26 00:00:00" 758 24783
"2012-04-27 00:00:00" 679 26062
"2012-04-28 00:00:00" 642 26656
"2012-04-29 00:00:00" 588 30193
"2012-04-30 00:00:00" 686 26990
"2012-05-01 00:00:00" 670 27368
"2012-05-02 00:00:00" 639 28757
"2012-05-03 00:00:00" 703 26319
"2012-05-04 00:00:00" 658 27454
"2012-05-05 00:00:00" 636 27399
"2012-05-06 00:00:00" 638 29752
"2012-05-07 00:00:00" 711 26485
"2012-05-08 00:00:00" 810 23540
"2012-05-09 00:00:00" 744 25318
"2012-05-10 00:00:00" 786 23971
"2012-05-11 00:00:00" 736 23588
"2012-05-12 00:00:00" 636 27449
"2012-05-13 00:00:00" 709 26265
"2012-05-14 00:00:00" 783 24628
"2012-05-15 00:00:00" 937 21384
"2012-05-16 00:00:00" 765 25276
"2012-05-17 00:00:00" 855 22956
"2012-05-18 00:00:00" 746 25305
"2012-05-19 00:00:00" 668 27404
"2012-05-20 00:00:00" 566 32326
"2012-05-21 00:00:00" 724 26734
"2012-05-22 00:00:00" 785 25383
"2012-05-23 00:00:00" 773 25448
"2012-05-24 00:00:00" 679 27442
"2012-05-25 00:00:00" 582 31289
"2012-05-26 00:00:00" 627 28888
"2012-05-27 00:00:00" 632 28957
"2012-05-28 00:00:00" 698 27586
"2012-05-29 00:00:00" 685 28220
"2012-05-30 00:00:00" 894 22779
"2012-05-31 00:00:00" 686 28085
"2012-06-01 00:00:00" 726 26441
"2012-06-02 00:00:00" 707 26033
"2012-06-03 00:00:00" 853 23641
"2012-06-04 00:00:00" 962 21827
"2012-06-05 00:00:00" 887 23346
"2012-06-06 00:00:00" 797 25755
"2012-06-07 00:00:00" 817 25345
"2012-06-08 00:00:00" 806 25231
"2012-06-09 00:00:00" 650 29272
"2012-06-10 00:00:00" 763 27218
"2012-06-11 00:00:00" 679 29800
"2012-06-12 00:00:00" 729 27969
"2012-06-13 00:00:00" 766 26729
"2012-06-14 00:00:00" 618 31240
"2012-06-15 00:00:00" 540 33527
"2012-06-16 00:00:00" 670 28192
"2012-06-17 00:00:00" 598 31978
"2012-06-18 00:00:00" 624 31380
"2012-06-19 00:00:00" 804 26199
"2012-06-20 00:00:00" 791 26364
"2012-06-21 00:00:00" 710 27121
"2012-06-22 00:00:00" 682 29423
"2012-06-23 00:00:00" 557 32207
"2012-06-24 00:00:00" 647 30256
"2012-06-25 00:00:00" 747 27271
"2012-06-26 00:00:00" 766 27103
"2012-06-27 00:00:00" 743 28338
"2012-06-28 00:00:00" 760 27706
"2012-06-29 00:00:00" 678 28876
"2012-06-30 00:00:00" 508 34439
"2012-07-01 00:00:00" 747 28515
"2012-07-02 00:00:00" 680 29964
"2012-07-03 00:00:00" 651 30919
"2012-07-04 00:00:00" 553 35057
"2012-07-05 00:00:00" 688 29520
"2012-07-06 00:00:00" 762 27239
"2012-07-07 00:00:00" 742 25998
"2012-07-08 00:00:00" 1329 16457
"2012-07-09 00:00:00" 641 30680
"2012-07-10 00:00:00" 660 30525
"2012-07-11 00:00:00" 577 34440
"2012-07-12 00:00:00" 571 34689
"2012-07-13 00:00:00" 864 24201
"2012-07-14 00:00:00" 495 35828
"2012-07-15 00:00:00" 580 32312
"2012-07-16 00:00:00" 633 31031
"2012-07-17 00:00:00" 662 30441
"2012-07-18 00:00:00" 733 29237
"2012-07-19 00:00:00" 644 31151
"2012-07-20 00:00:00" 616 33461
"2012-07-21 00:00:00" 510 36702
"2012-07-22 00:00:00" 512 38023
"2012-07-23 00:00:00" 750 28844
"2012-07-24 00:00:00" 816 27027
"2012-07-25 00:00:00" 787 27965
"2012-07-26 00:00:00" 690 28989
"2012-07-27 00:00:00" 631 33952
"2012-07-28 00:00:00" 515 36547
"2012-07-29 00:00:00" 557 35308
"2012-07-30 00:00:00" 725 29744
"2012-07-31 00:00:00" 791 27875
"2012-08-01 00:00:00" 753 28908
"2012-08-02 00:00:00" 727 29521
"2012-08-03 00:00:00" 685 30851
"2012-08-04 00:00:00" 672 30360
"2012-08-05 00:00:00" 866 25387
"2012-08-06 00:00:00" 687 31400
"2012-08-07 00:00:00" 716 30831
"2012-08-08 00:00:00" 661 32562
"2012-08-09 00:00:00" 610 34764
"2012-08-10 00:00:00" 639 33326
"2012-08-11 00:00:00" 549 36323
"2012-08-12 00:00:00" 592 36645
"2012-08-13 00:00:00" 581 36163
"2012-08-14 00:00:00" 710 30820
"2012-08-15 00:00:00" 675 32659
"2012-08-16 00:00:00" 672 32357
"2012-08-17 00:00:00" 614 34643
"2012-08-18 00:00:00" 468 39681
"2012-08-19 00:00:00" 483 36617
"2012-08-20 00:00:00" 613 32791
"2012-08-21 00:00:00" 623 32773
"2012-08-22 00:00:00" 621 33558
"2012-08-23 00:00:00" 684 31745
"2012-08-24 00:00:00" 551 37150
"2012-08-25 00:00:00" 707 29511
"2012-08-26 00:00:00" 791 27999
"2012-08-27 00:00:00" 615 34457
"2012-08-28 00:00:00" 678 31740
"2012-08-29 00:00:00" 662 32684
"2012-08-30 00:00:00" 986 22941
"2012-08-31 00:00:00" 650 32843
"2012-09-01 00:00:00" 725 28334
"2012-09-02 00:00:00" 1323 17839
"2012-09-03 00:00:00" 608 34054
"2012-09-04 00:00:00" 826 26748
"2012-09-05 00:00:00" 725 29518
"2012-09-06 00:00:00" 678 31513
"2012-09-07 00:00:00" 812 26335
"2012-09-08 00:00:00" 589 33190
"2012-09-09 00:00:00" 748 28918
"2012-09-10 00:00:00" 856 25569
"2012-09-11 00:00:00" 722 29652
"2012-09-12 00:00:00" 742 28817
"2012-09-13 00:00:00" 630 32511
"2012-09-14 00:00:00" 647 31047
"2012-09-15 00:00:00" 728 27777
"2012-09-16 00:00:00" 617 33539
"2012-09-17 00:00:00" 716 29379
"2012-09-18 00:00:00" 665 31467
"2012-09-19 00:00:00" 669 31015
"2012-09-20 00:00:00" 734 28256
"2012-09-21 00:00:00" 617 32101
"2012-09-22 00:00:00" 679 29875
"2012-09-23 00:00:00" 722 30193
"2012-09-24 00:00:00" 734 29104
"2012-09-25 00:00:00" 853 25813
"2012-09-26 00:00:00" 710 30176
"2012-09-27 00:00:00" 672 30812
"2012-09-28 00:00:00" 689 29952
"2012-09-29 00:00:00" 678 30318
"2012-09-30 00:00:00" 551 37708
"2012-10-01 00:00:00" 708 30088
"2012-10-02 00:00:00" 734 29378
"2012-10-03 00:00:00" 876 26374
"2012-10-04 00:00:00" 628 33125
"2012-10-05 00:00:00" 1519 15659
"2012-10-06 00:00:00" 806 26664
"2012-10-07 00:00:00" 646 34240
"2012-10-08 00:00:00" 704 30908
"2012-10-09 00:00:00" 658 32176
"2012-10-10 00:00:00" 658 31628
"2012-10-11 00:00:00" 651 32134
"2012-10-12 00:00:00" 497 39248
"2012-10-13 00:00:00" 506 37887
"2012-10-14 00:00:00" 628 34031
"2012-10-15 00:00:00" 599 34385
"2012-10-16 00:00:00" 662 33022
"2012-10-17 00:00:00" 647 32667
"2012-10-18 00:00:00" 482 34739
"2012-10-19 00:00:00" 531 37804
"2012-10-20 00:00:00" 693 30533
"2012-10-21 00:00:00" 585 36731
"2012-10-22 00:00:00" 753 29697
"2012-10-23 00:00:00" 637 34055
"2012-10-24 00:00:00" 592 36111
"2012-10-25 00:00:00" 700 31125
"2012-10-26 00:00:00" 681 29837
"2012-10-27 00:00:00" 483 39536
"2012-10-28 00:00:00" 667 33784
"2012-10-29 00:00:00" 621 35820
"2012-10-30 00:00:00" 776 29117
"2012-10-31 00:00:00" 626 34168
"2012-11-01 00:00:00" 656 33215
"2012-11-02 00:00:00" 622 34970
"2012-11-03 00:00:00" 654 33780
"2012-11-04 00:00:00" 584 37719
"2012-11-05 00:00:00" 682 32865
"2012-11-06 00:00:00" 874 27743
"2012-11-07 00:00:00" 781 30078
"2012-11-08 00:00:00" 670 32969
"2012-11-09 00:00:00" 704 30845
"2012-11-10 00:00:00" 609 35065
"2012-11-11 00:00:00" 622 36409
"2012-11-12 00:00:00" 657 34268
"2012-11-13 00:00:00" 796 28586
"2012-11-14 00:00:00" 698 32032
"2012-11-15 00:00:00" 711 31674
"2012-11-16 00:00:00" 609 35385
"2012-11-17 00:00:00" 608 35487
"2012-11-18 00:00:00" 576 38364
"2012-11-19 00:00:00" 706 32213
"2012-11-20 00:00:00" 780 29295
"2012-11-21 00:00:00" 483 37290
"2012-11-22 00:00:00" 553 38078
"2012-11-23 00:00:00" 482 43230
"2012-11-24 00:00:00" 563 38711
"2012-11-25 00:00:00" 555 40519
"2012-11-26 00:00:00" 624 35805
"2012-11-27 00:00:00" 691 32934
"2012-11-28 00:00:00" 837 28106
"2012-11-29 00:00:00" 668 33774
"2012-11-30 00:00:00" 556 39210
"2012-12-01 00:00:00" 484 44321
"2012-12-02 00:00:00" 581 38320
"2012-12-03 00:00:00" 671 33983
"2012-12-04 00:00:00" 685 33957
"2012-12-05 00:00:00" 684 34322
"2012-12-06 00:00:00" 586 38339
"2012-12-07 00:00:00" 537 40933
"2012-12-08 00:00:00" 460 45706
"2012-12-09 00:00:00" 592 39193
"2012-12-10 00:00:00" 840 29249
"2012-12-11 00:00:00" 626 37138
"2012-12-12 00:00:00" 1271 21039
"2012-12-13 00:00:00" 764 31262
"2012-12-14 00:00:00" 543 40939
"2012-12-15 00:00:00" 504 42174
"2012-12-16 00:00:00" 604 39319
"2012-12-17 00:00:00" 770 31611
"2012-12-18 00:00:00" 715 33523
"2012-12-19 00:00:00" 737 33481
"2012-12-20 00:00:00" 693 34922
"2012-12-21 00:00:00" 625 36409
"2012-12-22 00:00:00" 554 38614
"2012-12-23 00:00:00" 556 39442
"2012-12-24 00:00:00" 513 42363
"2012-12-25 00:00:00" 455 44844
"2012-12-26 00:00:00" 681 33969
"2012-12-27 00:00:00" 628 37394
"2012-12-28 00:00:00" 635 37178
"2012-12-29 00:00:00" 639 36108
"2012-12-30 00:00:00" 708 33897
"2012-12-31 00:00:00" 604 38324
"2013-01-01 00:00:00" 573 37383
"2013-01-02 00:00:00" 644 36535
"2013-01-03 00:00:00" 925 27509
"2013-01-04 00:00:00" 855 29645
"2013-01-05 00:00:00" 703 33971
"2013-01-06 00:00:00" 702 34329
"2013-01-07 00:00:00" 921 27787
"2013-01-08 00:00:00" 738 32642
"2013-01-09 00:00:00" 478 34432
"2013-01-10 00:00:00" 842 28889
"2013-01-11 00:00:00" 764 31071
"2013-01-12 00:00:00" 849 28708
"2013-01-13 00:00:00" 811 30674
"2013-01-14 00:00:00" 824 30071
"2013-01-15 00:00:00" 812 30615
"2013-01-16 00:00:00" 703 34341
"2013-01-17 00:00:00" 711 33476
"2013-01-18 00:00:00" 1153 22354
"2013-01-19 00:00:00" 646 35704
"2013-01-20 00:00:00" 904 28485
"2013-01-21 00:00:00" 860 27178
"2013-01-22 00:00:00" 903 28000
"2013-01-23 00:00:00" 847 30230
"2013-01-24 00:00:00" 678 35931
"2013-01-25 00:00:00" 692 34698
"2013-01-26 00:00:00" 640 36799
"2013-01-27 00:00:00" 874 30077
"2013-01-28 00:00:00" 812 31396
"2013-01-29 00:00:00" 720 34215
"2013-01-30 00:00:00" 1097 24294
"2013-01-31 00:00:00" 756 31359
"2013-02-01 00:00:00" 711 33632
"2013-02-02 00:00:00" 667 34895
"2013-02-03 00:00:00" 1156 23622
"2013-02-04 00:00:00" 850 29080
"2013-02-05 00:00:00" 813 30810
"2013-02-06 00:00:00" 745 33477
"2013-02-07 00:00:00" 696 34138
"2013-02-08 00:00:00" 751 31891
"2013-02-09 00:00:00" 907 26922
"2013-02-10 00:00:00" 982 26302
"2013-02-11 00:00:00" 935 27461
"2013-02-12 00:00:00" 957 27066
"2013-02-13 00:00:00" 684 35415
"2013-02-14 00:00:00" 595 38268
"2013-02-15 00:00:00" 645 35979
"2013-02-16 00:00:00" 528 42528
"2013-02-17 00:00:00" 624 38189
"2013-02-18 00:00:00" 764 32083
"2013-02-19 00:00:00" 794 30755
"2013-02-20 00:00:00" 742 33254
"2013-02-21 00:00:00" 863 28909
"2013-02-22 00:00:00" 828 30071
"2013-02-23 00:00:00" 809 30414
"2013-02-24 00:00:00" 767 33246
"2013-02-25 00:00:00" 778 31965
"2013-02-26 00:00:00" 1039 25274
"2013-02-27 00:00:00" 842 29528
"2013-02-28 00:00:00" 744 32916
"2013-03-01 00:00:00" 661 36364
"2013-03-02 00:00:00" 831 29647
"2013-03-03 00:00:00" 729 33975
"2013-03-04 00:00:00" 725 33403
"2013-03-05 00:00:00" 770 33098
"2013-03-06 00:00:00" 716 34198
"2013-03-07 00:00:00" 733 33346
"2013-03-08 00:00:00" 708 34884
"2013-03-09 00:00:00" 560 41554
"2013-03-10 00:00:00" 841 30420
"2013-03-11 00:00:00" 754 33648
"2013-03-12 00:00:00" 856 30715
"2013-03-13 00:00:00" 1022 26383
"2013-03-14 00:00:00" 721 34260
"2013-03-15 00:00:00" 683 35883
"2013-03-16 00:00:00" 615 38517
"2013-03-17 00:00:00" 678 37272
"2013-03-18 00:00:00" 825 31408
"2013-03-19 00:00:00" 953 27609
"2013-03-20 00:00:00" 712 34823
"2013-03-21 00:00:00" 769 32501
"2013-03-22 00:00:00" 791 31765
"2013-03-23 00:00:00" 595 39800
"2013-03-24 00:00:00" 635 38611
"2013-03-25 00:00:00" 735 34191
"2013-03-26 00:00:00" 887 29960
"2013-03-27 00:00:00" 691 35856
"2013-03-28 00:00:00" 667 36983
"2013-03-29 00:00:00" 736 33931
"2013-03-30 00:00:00" 604 39737
"2013-03-31 00:00:00" 687 36683
"2013-04-01 00:00:00" 715 35848
"2013-04-02 00:00:00" 734 34916
"2013-04-03 00:00:00" 751 34312
"2013-04-04 00:00:00" 767 33448
"2013-04-05 00:00:00" 798 31987
"2013-04-06 00:00:00" 621 39192
"2013-04-07 00:00:00" 731 35199
"2013-04-08 00:00:00" 951 27907
"2013-04-09 00:00:00" 948 28048
"2013-04-10 00:00:00" 864 29802
"2013-04-11 00:00:00" 808 31710
"2013-04-12 00:00:00" 761 32968
"2013-04-13 00:00:00" 665 36409
"2013-04-14 00:00:00" 736 35911
"2013-04-15 00:00:00" 724 36569
"2013-04-16 00:00:00" 1047 26924
"2013-04-17 00:00:00" 1075 25343
"2013-04-18 00:00:00" 775 31300
"2013-04-19 00:00:00" 666 36422
"2013-04-20 00:00:00" 684 34500
"2013-04-21 00:00:00" 838 30534
"2013-04-22 00:00:00" 747 33077
"2013-04-23 00:00:00" 827 29803
"2013-04-24 00:00:00" 914 28341
"2013-04-25 00:00:00" 638 37887
"2013-04-26 00:00:00" 623 37610
"2013-04-27 00:00:00" 641 36456
"2013-04-28 00:00:00" 687 35786
"2013-04-29 00:00:00" 647 37227
"2013-04-30 00:00:00" 693 36122
"2013-05-01 00:00:00" 766 33686
"2013-05-02 00:00:00" 726 35580
"2013-05-03 00:00:00" 694 36454
"2013-05-04 00:00:00" 760 33461
"2013-05-05 00:00:00" 650 40365
"2013-05-06 00:00:00" 751 34800
"2013-05-07 00:00:00" 837 31668
"2013-05-08 00:00:00" 778 32970
"2013-05-09 00:00:00" 962 28342
"2013-05-10 00:00:00" 691 35967
"2013-05-11 00:00:00" 636 38728
"2013-05-12 00:00:00" 549 44180
"2013-05-13 00:00:00" 747 34422
"2013-05-14 00:00:00" 869 30165
"2013-05-15 00:00:00" 803 32807
"2013-05-16 00:00:00" 759 33887
"2013-05-17 00:00:00" 841 30743
"2013-05-18 00:00:00" 639 38803
"2013-05-19 00:00:00" 833 32474
"2013-05-20 00:00:00" 782 33814
"2013-05-21 00:00:00" 805 36571
"2013-05-22 00:00:00" 740 34976
"2013-05-23 00:00:00" 713 35283
"2013-05-24 00:00:00" 715 35181
"2013-05-25 00:00:00" 617 38895
"2013-05-26 00:00:00" 592 41376
"2013-05-27 00:00:00" 794 32464
"2013-05-28 00:00:00" 789 33192
"2013-05-29 00:00:00" 930 29048
"2013-05-30 00:00:00" 790 33501
"2013-05-31 00:00:00" 837 33705
"2013-06-01 00:00:00" 655 41510
"2013-06-02 00:00:00" 891 32392
"2013-06-03 00:00:00" 823 32391
"2013-06-04 00:00:00" 938 29361
"2013-06-05 00:00:00" 787 33841
"2013-06-06 00:00:00" 692 37865
"2013-06-07 00:00:00" 775 33757
"2013-06-08 00:00:00" 682 36549
"2013-06-09 00:00:00" 636 40017
"2013-06-10 00:00:00" 725 36071
"2013-06-11 00:00:00" 1041 27414
"2013-06-12 00:00:00" 712 35565
"2013-06-13 00:00:00" 681 37515
"2013-06-14 00:00:00" 600 40438
"2013-06-15 00:00:00" 554 43986
"2013-06-16 00:00:00" 765 33262
"2013-06-17 00:00:00" 742 35211
"2013-06-18 00:00:00" 730 36255
"2013-06-19 00:00:00" 824 32304
"2013-06-20 00:00:00" 665 38668
"2013-06-21 00:00:00" 648 38751
"2013-06-22 00:00:00" 556 42668
"2013-06-23 00:00:00" 536 45249
"2013-06-24 00:00:00" 752 35347
"2013-06-25 00:00:00" 695 37516
"2013-06-26 00:00:00" 813 33665
"2013-06-27 00:00:00" 651 40064
"2013-06-28 00:00:00" 655 38569
"2013-06-29 00:00:00" 758 32409
"2013-06-30 00:00:00" 589 43270
"2013-07-01 00:00:00" 804 32812
"2013-07-02 00:00:00" 744 35927
"2013-07-03 00:00:00" 840 31831
"2013-07-04 00:00:00" 637 39378
"2013-07-05 00:00:00" 715 36865
"2013-07-06 00:00:00" 635 38061
"2013-07-07 00:00:00" 976 27709
"2013-07-08 00:00:00" 736 36841
"2013-07-09 00:00:00" 713 38047
"2013-07-10 00:00:00" 778 35045
"2013-07-11 00:00:00" 798 34350
"2013-07-12 00:00:00" 679 38620
"2013-07-13 00:00:00" 583 41926
"2013-07-14 00:00:00" 533 45953
"2013-07-15 00:00:00" 612 42121
"2013-07-16 00:00:00" 604 41702
"2013-07-17 00:00:00" 741 36424
"2013-07-18 00:00:00" 732 36604
"2013-07-19 00:00:00" 737 35919
"2013-07-20 00:00:00" 627 39118
"2013-07-21 00:00:00" 563 44149
"2013-07-22 00:00:00" 669 40266
"2013-07-23 00:00:00" 854 33157
"2013-07-24 00:00:00" 767 36588
"2013-07-25 00:00:00" 695 39458
"2013-07-26 00:00:00" 625 42113
"2013-07-27 00:00:00" 571 44149
"2013-07-28 00:00:00" 644 39870
"2013-07-29 00:00:00" 740 36384
"2013-07-30 00:00:00" 722 37456
"2013-07-31 00:00:00" 942 30003
"2013-08-01 00:00:00" 755 35915
"2013-08-02 00:00:00" 691 38369
"2013-08-03 00:00:00" 630 38948
"2013-08-04 00:00:00" 535 46514
"2013-08-05 00:00:00" 725 37526
"2013-08-06 00:00:00" 666 40775
"2013-08-07 00:00:00" 681 38783
"2013-08-08 00:00:00" 811 30842
"2013-08-09 00:00:00" 665 36925
"2013-08-10 00:00:00" 678 35341
"2013-08-11 00:00:00" 674 38454
"2013-08-12 00:00:00" 2145 14993
"2013-08-13 00:00:00" 747 35975
"2013-08-14 00:00:00" 950 31156
"2013-08-15 00:00:00" 705 38320
"2013-08-16 00:00:00" 661 40485
"2013-08-17 00:00:00" 981 28245
"2013-08-18 00:00:00" 718 37084
"2013-08-19 00:00:00" 658 40309
"2013-08-20 00:00:00" 976 28913
"2013-08-21 00:00:00" 777 35436
"2013-08-22 00:00:00" 682 38477
"2013-08-23 00:00:00" 699 36857
"2013-08-24 00:00:00" 627 39634
"2013-08-25 00:00:00" 723 37260
"2013-08-26 00:00:00" 622 41336
"2013-08-27 00:00:00" 710 36973
"2013-08-28 00:00:00" 749 35740
"2013-08-29 00:00:00" 686 38188
"2013-08-30 00:00:00" 692 37957
"2013-08-31 00:00:00" 576 43269
"2013-09-01 00:00:00" 557 45174
"2013-09-02 00:00:00" 692 38538
"2013-09-03 00:00:00" 704 36975
"2013-09-04 00:00:00" 848 31061
"2013-09-05 00:00:00" 704 36054
"2013-09-06 00:00:00" 581 42565
"2013-09-07 00:00:00" 713 36419
"2013-09-08 00:00:00" 744 35569
"2013-09-09 00:00:00" 1092 25166
"2013-09-10 00:00:00" 747 35433
"2013-09-11 00:00:00" 713 36087
"2013-09-12 00:00:00" 689 36470
"2013-09-13 00:00:00" 672 37555
"2013-09-14 00:00:00" 689 37057
"2013-09-15 00:00:00" 1064 27058
"2013-09-16 00:00:00" 854 31495
"2013-09-17 00:00:00" 773 33691
"2013-09-18 00:00:00" 1239 22308
"2013-09-19 00:00:00" 696 35406
"2013-09-20 00:00:00" 624 38890
"2013-09-21 00:00:00" 645 38069
"2013-09-22 00:00:00" 679 39427
"2013-09-23 00:00:00" 778 32989
"2013-09-24 00:00:00" 695 36148
"2013-09-25 00:00:00" 673 37057
"2013-09-26 00:00:00" 743 33719
"2013-09-27 00:00:00" 584 41280
"2013-09-28 00:00:00" 616 40564
"2013-09-29 00:00:00" 791 33758
"2013-09-30 00:00:00" 815 31865
"2013-10-01 00:00:00" 829 31404
"2013-10-02 00:00:00" 823 31177
"2013-10-03 00:00:00" 779 32265
"2013-10-04 00:00:00" 572 41408
"2013-10-05 00:00:00" 536 44865
"2013-10-06 00:00:00" 659 38992
"2013-10-07 00:00:00" 911 28871
"2013-10-08 00:00:00" 718 35267
"2013-10-09 00:00:00" 694 36472
"2013-10-10 00:00:00" 1211 22706
"2013-10-11 00:00:00" 524 45771
"2013-10-12 00:00:00" 569 42513
"2013-10-13 00:00:00" 579 44241
"2013-10-14 00:00:00" 677 39049
"2013-10-15 00:00:00" 591 42696
"2013-10-16 00:00:00" 680 36851
"2013-10-17 00:00:00" 648 38029
"2013-10-18 00:00:00" 722 34187
"2013-10-19 00:00:00" 608 39984
"2013-10-20 00:00:00" 578 43271
"2013-10-21 00:00:00" 819 32387
"2013-10-22 00:00:00" 803 32542
"2013-10-23 00:00:00" 1707 17255
"2013-10-24 00:00:00" 1375 20405
"2013-10-25 00:00:00" 746 34183
"2013-10-26 00:00:00" 654 38179
"2013-10-27 00:00:00" 960 28643
"2013-10-28 00:00:00" 722 35495
"2013-10-29 00:00:00" 813 32073
"2013-10-30 00:00:00" 875 30127
"2013-10-31 00:00:00" 636 38027
"2013-11-01 00:00:00" 573 41969
"2013-11-02 00:00:00" 618 39721
"2013-11-03 00:00:00" 602 41819
"2013-11-04 00:00:00" 624 40799
"2013-11-05 00:00:00" 755 34299
"2013-11-06 00:00:00" 785 33449
"2013-11-07 00:00:00" 667 37050
"2013-11-08 00:00:00" 536 44195
"2013-11-09 00:00:00" 537 46029
"2013-11-10 00:00:00" 717 38548
"2013-11-11 00:00:00" 652 38931
"2013-11-12 00:00:00" 682 37533
"2013-11-13 00:00:00" 550 44658
"2013-11-14 00:00:00" 661 38091
"2013-11-15 00:00:00" 692 36328
"2013-11-16 00:00:00" 568 43980
"2013-11-17 00:00:00" 592 44093
"2013-11-18 00:00:00" 883 31322
"2013-11-19 00:00:00" 702 38014
"2013-11-20 00:00:00" 660 37925
"2013-11-21 00:00:00" 585 43130
"2013-11-22 00:00:00" 669 37998
"2013-11-23 00:00:00" 596 43575
"2013-11-24 00:00:00" 612 43158
"2013-11-25 00:00:00" 709 37262
"2013-11-26 00:00:00" 605 42364
"2013-11-27 00:00:00" 684 38384
"2013-11-28 00:00:00" 431 53983
"2013-11-29 00:00:00" 462 50575
"2013-11-30 00:00:00" 500 50223
"2013-12-01 00:00:00" 781 35472
"2013-12-02 00:00:00" 907 30197
"2013-12-03 00:00:00" 794 33659
"2013-12-04 00:00:00" 749 35810
"2013-12-05 00:00:00" 656 39818
"2013-12-06 00:00:00" 655 38845
"2013-12-07 00:00:00" 700 37435
"2013-12-08 00:00:00" 651 40843
"2013-12-09 00:00:00" 701 37721
"2013-12-10 00:00:00" 724 37175
"2013-12-11 00:00:00" 723 36586
"2013-12-12 00:00:00" 607 41302
"2013-12-13 00:00:00" 504 47115
"2013-12-14 00:00:00" 795 32676
"2013-12-15 00:00:00" 611 41735
"2013-12-16 00:00:00" 567 44010
"2013-12-17 00:00:00" 550 44631
"2013-12-18 00:00:00" 624 41723
"2013-12-19 00:00:00" 634 40597
"2013-12-20 00:00:00" 525 46558
"2013-12-21 00:00:00" 617 39970
"2013-12-22 00:00:00" 573 43742
"2013-12-23 00:00:00" 579 44790
"2013-12-24 00:00:00" 1552 19010
"2013-12-25 00:00:00" 350 62983
"2013-12-26 00:00:00" 700 36427
"2013-12-27 00:00:00" 524 47908
"2013-12-28 00:00:00" 664 38190
"2013-12-29 00:00:00" 744 36333
"2013-12-30 00:00:00" 566 45801
"2013-12-31 00:00:00" 576 45061
"2014-01-01 00:00:00" 547 43158
"2014-01-02 00:00:00" 623 41053
"2014-01-03 00:00:00" 763 35079
"2014-01-04 00:00:00" 651 39372
"2014-01-05 00:00:00" 608 42013
"2014-01-06 00:00:00" 621 41237
"2014-01-07 00:00:00" 614 41493
"2014-01-08 00:00:00" 621 40653
"2014-01-09 00:00:00" 555 44322
"2014-01-10 00:00:00" 519 46726
"2014-01-11 00:00:00" 570 43216
"2014-01-12 00:00:00" 773 34232
"2014-01-13 00:00:00" 803 34304
"2014-01-14 00:00:00" 1633 18010
"2014-01-15 00:00:00" 593 41144
"2014-01-16 00:00:00" 699 35830
"2014-01-17 00:00:00" 629 38342
"2014-01-18 00:00:00" 736 33881
"2014-01-19 00:00:00" 777 33630
"2014-01-20 00:00:00" 736 35111
"2014-01-21 00:00:00" 1055 26058
"2014-01-22 00:00:00" 845 31345
"2014-01-23 00:00:00" 613 40916
"2014-01-24 00:00:00" 851 30394
"2014-01-25 00:00:00" 464 51034
"2014-01-26 00:00:00" 607 42773
"2014-01-27 00:00:00" 542 45638
"2014-01-28 00:00:00" 622 41286
"2014-01-29 00:00:00" 616 41789
"2014-01-30 00:00:00" 597 41806
"2014-01-31 00:00:00" 521 46535
"2014-02-01 00:00:00" 691 37404
"2014-02-02 00:00:00" 802 34228
"2014-02-03 00:00:00" 1098 25121
"2014-02-04 00:00:00" 735 34917
"2014-02-05 00:00:00" 705 37130
"2014-02-06 00:00:00" 811 32741
"2014-02-07 00:00:00" 813 32352
"2014-02-08 00:00:00" 1004 27017
"2014-02-09 00:00:00" 700 37487
"2014-02-10 00:00:00" 609 41593
"2014-02-11 00:00:00" 728 35805
"2014-02-12 00:00:00" 971 28999
"2014-02-13 00:00:00" 694 39225
"2014-02-14 00:00:00" 579 44461
"2014-02-15 00:00:00" 595 43596
"2014-02-16 00:00:00" 588 44720
"2014-02-17 00:00:00" 603 43484
"2014-02-18 00:00:00" 584 46775
"2014-02-19 00:00:00" 714 39293
"2014-02-20 00:00:00" 685 40949
"2014-02-21 00:00:00" 634 42425
"2014-02-22 00:00:00" 720 39043
"2014-02-23 00:00:00" 628 43346
"2014-02-24 00:00:00" 837 34513
"2014-02-25 00:00:00" 801 34856
"2014-02-26 00:00:00" 775 36009
"2014-02-27 00:00:00" 648 40935
"2014-02-28 00:00:00" 613 43165
"2014-03-01 00:00:00" 623 42878
"2014-03-02 00:00:00" 758 37798
"2014-03-03 00:00:00" 637 41998
"2014-03-04 00:00:00" 1511 20481
"2014-03-05 00:00:00" 812 36171
"2014-03-06 00:00:00" 681 40115
"2014-03-07 00:00:00" 653 41007
"2014-03-08 00:00:00" 945 30571
"2014-03-09 00:00:00" 674 40243
"2014-03-10 00:00:00" 676 41426
"2014-03-11 00:00:00" 832 34519
"2014-03-12 00:00:00" 988 30991
"2014-03-13 00:00:00" 825 34840
"2014-03-14 00:00:00" 655 40865
"2014-03-15 00:00:00" 839 33728
"2014-03-16 00:00:00" 755 38612
"2014-03-17 00:00:00" 714 39969
"2014-03-18 00:00:00" 793 36849
"2014-03-19 00:00:00" 753 38205
"2014-03-20 00:00:00" 719 39254
"2014-03-21 00:00:00" 643 41824
"2014-03-22 00:00:00" 686 39078
"2014-03-23 00:00:00" 849 33864
"2014-03-24 00:00:00" 847 33295
"2014-03-25 00:00:00" 839 34009
"2014-03-26 00:00:00" 714 39384
"2014-03-27 00:00:00" 740 37809
"2014-03-28 00:00:00" 568 46140
"2014-03-29 00:00:00" 725 37574
"2014-03-30 00:00:00" 851 35721
"2014-03-31 00:00:00" 834 35203
"2014-04-01 00:00:00" 836 35870
"2014-04-02 00:00:00" 1047 28906
"2014-04-03 00:00:00" 814 35590
"2014-04-04 00:00:00" 721 39821
"2014-04-05 00:00:00" 632 43714
"2014-04-06 00:00:00" 643 45237
"2014-04-07 00:00:00" 688 42012
"2014-04-08 00:00:00" 790 37941
"2014-04-09 00:00:00" 992 29409
"2014-04-10 00:00:00" 773 35860
"2014-04-11 00:00:00" 656 40957
"2014-04-12 00:00:00" 761 35498
"2014-04-13 00:00:00" 710 38940
"2014-04-14 00:00:00" 678 39742
"2014-04-15 00:00:00" 922 30736
"2014-04-16 00:00:00" 885 32552
"2014-04-17 00:00:00" 911 31121
"2014-04-18 00:00:00" 1055 27143
"2014-04-19 00:00:00" 908 30335
"2014-04-20 00:00:00" 1028 27989
"2014-04-21 00:00:00" 971 29831
"2014-04-22 00:00:00" 823 34626
"2014-04-23 00:00:00" 906 31678
"2014-04-24 00:00:00" 948 29718
"2014-04-25 00:00:00" 731 36871
"2014-04-26 00:00:00" 663 39068
"2014-04-27 00:00:00" 731 38220
"2014-04-28 00:00:00" 748 37116
"2014-04-29 00:00:00" 815 35024
"2014-04-30 00:00:00" 948 30523
"2014-05-01 00:00:00" 811 34586
"2014-05-02 00:00:00" 633 41819
"2014-05-03 00:00:00" 694 37949
"2014-05-04 00:00:00" 588 45916
"2014-05-05 00:00:00" 799 36065
"2014-05-06 00:00:00" 704 39599
"2014-05-07 00:00:00" 702 40068
"2014-05-08 00:00:00" 693 40949
"2014-05-09 00:00:00" 822 33696
"2014-05-10 00:00:00" 691 39824
"2014-05-11 00:00:00" 645 42551
"2014-05-12 00:00:00" 875 33256
"2014-05-13 00:00:00" 789 35771
"2014-05-14 00:00:00" 845 34735
"2014-05-15 00:00:00" 1069 28830
"2014-05-16 00:00:00" 721 38823
"2014-05-17 00:00:00" 651 42085
"2014-05-18 00:00:00" 625 44159
"2014-05-19 00:00:00" 653 41656
"2014-05-20 00:00:00" 682 39949
"2014-05-21 00:00:00" 671 40796
"2014-05-22 00:00:00" 694 40483
"2014-05-23 00:00:00" 928 31050
"2014-05-24 00:00:00" 712 39054
"2014-05-25 00:00:00" 722 39761
"2014-05-26 00:00:00" 623 44235
"2014-05-27 00:00:00" 1098 27051
"2014-05-28 00:00:00" 843 34001
"2014-05-29 00:00:00" 908 31295
"2014-05-30 00:00:00" 788 34462
"2014-05-31 00:00:00" 739 35844
"2014-06-01 00:00:00" 680 39563
"2014-06-02 00:00:00" 810 34988
"2014-06-03 00:00:00" 881 32129
"2014-06-04 00:00:00" 947 30757
"2014-06-05 00:00:00" 1035 28082
"2014-06-06 00:00:00" 657 40406
"2014-06-07 00:00:00" 711 36913
"2014-06-08 00:00:00" 772 36216
"2014-06-09 00:00:00" 754 38010
"2014-06-10 00:00:00" 722 39308
"2014-06-11 00:00:00" 647 43518
"2014-06-12 00:00:00" 626 45818
"2014-06-13 00:00:00" 757 37555
"2014-06-14 00:00:00" 739 37527
"2014-06-15 00:00:00" 586 47253
"2014-06-16 00:00:00" 736 38982
"2014-06-17 00:00:00" 754 37711
"2014-06-18 00:00:00" 775 37293
"2014-06-19 00:00:00" 1001 30544
"2014-06-20 00:00:00" 731 38380
"2014-06-21 00:00:00" 636 42214
"2014-06-22 00:00:00" 620 43755
"2014-06-23 00:00:00" 646 43024
"2014-06-24 00:00:00" 858 34232
"2014-06-25 00:00:00" 657 42830
"2014-06-26 00:00:00" 783 37124
"2014-06-27 00:00:00" 558 47896
"2014-06-28 00:00:00" 699 39921
"2014-06-29 00:00:00" 643 43841
"2014-06-30 00:00:00" 782 37530
"2014-07-01 00:00:00" 860 35096
"2014-07-02 00:00:00" 1032 28964
"2014-07-03 00:00:00" 768 37423
"2014-07-04 00:00:00" 607 46898
"2014-07-05 00:00:00" 671 41894
"2014-07-06 00:00:00" 681 41847
"2014-07-07 00:00:00" 578 49368
"2014-07-08 00:00:00" 710 45530
"2014-07-09 00:00:00" 643 46664
"2014-07-10 00:00:00" 684 42999
"2014-07-11 00:00:00" 671 43608
"2014-07-12 00:00:00" 544 50840
"2014-07-13 00:00:00" 613 49576
"2014-07-14 00:00:00" 811 37237
"2014-07-15 00:00:00" 711 41229
"2014-07-16 00:00:00" 688 42236
"2014-07-17 00:00:00" 661 45259
"2014-07-18 00:00:00" 655 44183
"2014-07-19 00:00:00" 484 55406
"2014-07-20 00:00:00" 529 53204
"2014-07-21 00:00:00" 756 40514
"2014-07-22 00:00:00" 753 41754
"2014-07-23 00:00:00" 741 41799
"2014-07-24 00:00:00" 635 48134
"2014-07-25 00:00:00" 664 43266
"2014-07-26 00:00:00" 636 45061
"2014-07-27 00:00:00" 743 38989
"2014-07-28 00:00:00" 620 44456
"2014-07-29 00:00:00" 678 42168
"2014-07-30 00:00:00" 1050 29092
"2014-07-31 00:00:00" 824 36038
"2014-08-01 00:00:00" 557 50176
"2014-08-02 00:00:00" 571 48050
"2014-08-03 00:00:00" 541 50467
"2014-08-04 00:00:00" 665 43754
"2014-08-05 00:00:00" 716 41617
"2014-08-06 00:00:00" 773 38009
"2014-08-07 00:00:00" 689 42074
"2014-08-08 00:00:00" 794 37218
"2014-08-09 00:00:00" 625 45029
"2014-08-10 00:00:00" 673 44684
"2014-08-11 00:00:00" 888 35025
"2014-08-12 00:00:00" 749 39533
"2014-08-13 00:00:00" 1084 28469
"2014-08-14 00:00:00" 740 39599
"2014-08-15 00:00:00" 706 40728
"2014-08-16 00:00:00" 671 41305
"2014-08-17 00:00:00" 648 43390
"2014-08-18 00:00:00" 724 40255
"2014-08-19 00:00:00" 704 41901
"2014-08-20 00:00:00" 726 40095
"2014-08-21 00:00:00" 689 42250
"2014-08-22 00:00:00" 749 39303
"2014-08-23 00:00:00" 776 37945
"2014-08-24 00:00:00" 550 54092
"2014-08-25 00:00:00" 758 39767
"2014-08-26 00:00:00" 866 35399
"2014-08-27 00:00:00" 873 34200
"2014-08-28 00:00:00" 1246 25418
"2014-08-29 00:00:00" 598 47131
"2014-08-30 00:00:00" 706 40941
"2014-08-31 00:00:00" 710 41582
"2014-09-01 00:00:00" 725 41596
"2014-09-02 00:00:00" 660 43744
"2014-09-03 00:00:00" 752 39236
"2014-09-04 00:00:00" 727 39345
"2014-09-05 00:00:00" 678 40982
"2014-09-06 00:00:00" 698 39488
"2014-09-07 00:00:00" 639 44196
"2014-09-08 00:00:00" 666 42556
"2014-09-09 00:00:00" 1019 29812
"2014-09-10 00:00:00" 609 46062
"2014-09-11 00:00:00" 744 39196
"2014-09-12 00:00:00" 758 38249
"2014-09-13 00:00:00" 703 41264
"2014-09-14 00:00:00" 1472 22880
"2014-09-15 00:00:00" 653 44394
"2014-09-16 00:00:00" 893 34455
"2014-09-17 00:00:00" 763 38768
"2014-09-18 00:00:00" 645 43912
"2014-09-19 00:00:00" 749 38634
"2014-09-20 00:00:00" 600 47093
"2014-09-21 00:00:00" 677 44370
"2014-09-22 00:00:00" 659 44611
"2014-09-23 00:00:00" 770 39163
"2014-09-24 00:00:00" 727 41265
"2014-09-25 00:00:00" 976 30088
"2014-09-26 00:00:00" 763 37384
"2014-09-27 00:00:00" 612 45292
"2014-09-28 00:00:00" 631 45667
"2014-09-29 00:00:00" 688 42128
"2014-09-30 00:00:00" 794 38293
"2014-10-01 00:00:00" 788 37856
"2014-10-02 00:00:00" 736 40155
"2014-10-03 00:00:00" 611 45228
"2014-10-04 00:00:00" 650 42257
"2014-10-05 00:00:00" 749 40401
"2014-10-06 00:00:00" 615 46580
"2014-10-07 00:00:00" 728 39121
"2014-10-08 00:00:00" 766 37908
"2014-10-09 00:00:00" 719 40722
"2014-10-10 00:00:00" 784 37396
"2014-10-11 00:00:00" 704 39685
"2014-10-12 00:00:00" 631 45430
"2014-10-13 00:00:00" 620 46849
"2014-10-14 00:00:00" 679 44015
"2014-10-15 00:00:00" 742 39699
"2014-10-16 00:00:00" 794 36857
"2014-10-17 00:00:00" 613 44458
"2014-10-18 00:00:00" 544 49782
"2014-10-19 00:00:00" 627 45254
"2014-10-20 00:00:00" 892 33208
"2014-10-21 00:00:00" 914 32856
"2014-10-22 00:00:00" 653 44309
"2014-10-23 00:00:00" 682 41830
"2014-10-24 00:00:00" 678 42009
"2014-10-25 00:00:00" 737 38862
"2014-10-26 00:00:00" 658 45806
"2014-10-27 00:00:00" 961 32208
"2014-10-28 00:00:00" 1041 29840
"2014-10-29 00:00:00" 812 37081
"2014-10-30 00:00:00" 656 43961
"2014-10-31 00:00:00" 523 52542
"2014-11-01 00:00:00" 540 52184
"2014-11-02 00:00:00" 700 41948
"2014-11-03 00:00:00" 678 42663
"2014-11-04 00:00:00" 766 38571
"2014-11-05 00:00:00" 763 39268
"2014-11-06 00:00:00" 689 42222
"2014-11-07 00:00:00" 652 44181
"2014-11-08 00:00:00" 907 34762
"2014-11-09 00:00:00" 773 42126
"2014-11-10 00:00:00" 923 32704
"2014-11-11 00:00:00" 798 38143
"2014-11-12 00:00:00" 668 43661
"2014-11-13 00:00:00" 831 35211
"2014-11-14 00:00:00" 882 33289
"2014-11-15 00:00:00" 713 40924
"2014-11-16 00:00:00" 589 49296
"2014-11-17 00:00:00" 714 41718
"2014-11-18 00:00:00" 685 42325
"2014-11-19 00:00:00" 663 43827
"2014-11-20 00:00:00" 663 43754
"2014-11-21 00:00:00" 604 46377
"2014-11-22 00:00:00" 777 38053
"2014-11-23 00:00:00" 878 35445
"2014-11-24 00:00:00" 751 40745
"2014-11-25 00:00:00" 816 37659
"2014-11-26 00:00:00" 839 36755
"2014-11-27 00:00:00" 517 53957
"2014-11-28 00:00:00" 502 54940
"2014-11-29 00:00:00" 561 51619
"2014-11-30 00:00:00" 659 46335
"2014-12-01 00:00:00" 582 50243
"2014-12-02 00:00:00" 807 37722
"2014-12-03 00:00:00" 740 41946
"2014-12-04 00:00:00" 603 48766
"2014-12-05 00:00:00" 708 41897
"2014-12-06 00:00:00" 754 40561
"2014-12-07 00:00:00" 668 46240
"2014-12-08 00:00:00" 767 40703
"2014-12-09 00:00:00" 649 47029
"2014-12-10 00:00:00" 751 41816
"2014-12-11 00:00:00" 711 42464
"2014-12-12 00:00:00" 602 48378
"2014-12-13 00:00:00" 555 53683
"2014-12-14 00:00:00" 725 44172
"2014-12-15 00:00:00" 649 47533
"2014-12-16 00:00:00" 596 50998
"2014-12-17 00:00:00" 714 42673
"2014-12-18 00:00:00" 848 36070
"2014-12-19 00:00:00" 641 46427
"2014-12-20 00:00:00" 902 34671
"2014-12-21 00:00:00" 1161 28181
"2014-12-22 00:00:00" 649 47145
"2014-12-23 00:00:00" 538 56133
"2014-12-24 00:00:00" 535 54306
"2014-12-25 00:00:00" 472 56956
"2014-12-26 00:00:00" 537 54084
"2014-12-27 00:00:00" 745 40333
"2014-12-28 00:00:00" 815 36947
"2014-12-29 00:00:00" 718 43654
"2014-12-30 00:00:00" 666 47208
"2014-12-31 00:00:00" 624 49081
"2015-01-02 00:00:00" 661 46670
"2015-01-03 00:00:00" 659 46865
"2015-01-04 00:00:00" 919 35317
"2015-01-05 00:00:00" 528 53790
"2015-01-06 00:00:00" 750 45622
"2015-01-07 00:00:00" 797 41269
"2015-01-08 00:00:00" 708 45363
"2015-01-09 00:00:00" 506 60569
"2015-01-10 00:00:00" 657 48057
"2015-01-11 00:00:00" 1318 26519
"2015-01-12 00:00:00" 740 45426
"2015-01-13 00:00:00" 639 50113
"2015-01-14 00:00:00" 569 57017
"2015-01-15 00:00:00" 707 47025
"2015-01-16 00:00:00" 653 50100
"2015-01-17 00:00:00" 727 45048
"2015-01-18 00:00:00" 880 40130
"2015-01-19 00:00:00" 707 48745
"2015-01-20 00:00:00" 822 42105
"2015-01-21 00:00:00" 865 40246
"2015-01-22 00:00:00" 732 47833
"2015-01-23 00:00:00" 828 40664
"2015-01-24 00:00:00" 605 52898
"2015-01-25 00:00:00" 693 48973
"2015-01-26 00:00:00" 739 46931
"2015-01-27 00:00:00" 1310 27134
"2015-01-28 00:00:00" 818 39950
"2015-01-29 00:00:00" 825 40185
"2015-01-30 00:00:00" 722 44690
"2015-01-31 00:00:00" 714 45135
"2015-02-01 00:00:00" 801 43568
"2015-02-02 00:00:00" 691 46377
"2015-02-03 00:00:00" 669 48579
"2015-02-04 00:00:00" 614 52388
"2015-02-05 00:00:00" 683 47524
"2015-02-06 00:00:00" 771 42542
"2015-02-07 00:00:00" 661 48976
"2015-02-08 00:00:00" 545 59979
"2015-02-09 00:00:00" 537 59551
"2015-02-10 00:00:00" 725 44674
"2015-02-11 00:00:00" 794 41680
"2015-02-12 00:00:00" 723 45233
"2015-02-13 00:00:00" 632 49609
"2015-02-14 00:00:00" 539 56718
"2015-02-15 00:00:00" 614 51561
"2015-02-16 00:00:00" 655 49295
"2015-02-17 00:00:00" 625 52786
"2015-02-18 00:00:00" 996 36146
"2015-02-19 00:00:00" 647 51970
"2015-02-20 00:00:00" 659 51071
"2015-02-21 00:00:00" 638 52445
"2015-02-22 00:00:00" 916 39985
"2015-02-23 00:00:00" 756 44960
"2015-02-24 00:00:00" 757 45506
"2015-02-25 00:00:00" 783 43734
"2015-02-26 00:00:00" 828 40432
"2015-02-27 00:00:00" 610 50951
"2015-02-28 00:00:00" 800 40751
"2015-03-01 00:00:00" 718 45579
"2015-03-02 00:00:00" 676 47243
"2015-03-03 00:00:00" 857 39669
"2015-03-04 00:00:00" 934 37271
"2015-03-05 00:00:00" 624 53115
"2015-03-06 00:00:00" 637 50696
"2015-03-07 00:00:00" 652 49215
"2015-03-08 00:00:00" 578 54417
"2015-03-09 00:00:00" 872 39991
"2015-03-10 00:00:00" 697 43900
"2015-03-11 00:00:00" 764 41023
"2015-03-12 00:00:00" 720 41987
"2015-03-13 00:00:00" 677 44468
"2015-03-14 00:00:00" 760 40376
"2015-03-15 00:00:00" 882 36911
"2015-03-16 00:00:00" 704 44829
"2015-03-17 00:00:00" 912 36116
"2015-03-18 00:00:00" 654 49721
"2015-03-19 00:00:00" 659 49021
"2015-03-20 00:00:00" 715 43570
"2015-03-21 00:00:00" 680 45067
"2015-03-22 00:00:00" 802 41936
"2015-03-23 00:00:00" 691 46644
"2015-03-24 00:00:00" 737 43854
"2015-03-25 00:00:00" 715 47831
"2015-03-26 00:00:00" 790 44015
"2015-03-27 00:00:00" 670 49183
"2015-03-28 00:00:00" 668 48698
"2015-03-29 00:00:00" 607 54387
"2015-03-30 00:00:00" 652 50451
"2015-03-31 00:00:00" 651 53008
"2015-04-01 00:00:00" 736 45421
"2015-04-02 00:00:00" 730 44431
"2015-04-03 00:00:00" 585 52845
"2015-04-04 00:00:00" 675 48151
"2015-04-05 00:00:00" 733 45439
"2015-04-06 00:00:00" 1077 31823
"2015-04-07 00:00:00" 731 45033
"2015-04-08 00:00:00" 718 44638
"2015-04-09 00:00:00" 699 41868
"2015-04-10 00:00:00" 664 41910
"2015-04-11 00:00:00" 715 39715
"2015-04-12 00:00:00" 848 35574
"2015-04-13 00:00:00" 658 43728
"2015-04-14 00:00:00" 1061 28922
"2015-04-15 00:00:00" 847 35545
"2015-04-16 00:00:00" 748 39411
"2015-04-17 00:00:00" 717 39722
"2015-04-18 00:00:00" 651 42421
"2015-04-19 00:00:00" 779 38211
"2015-04-20 00:00:00" 908 33262
"2015-04-21 00:00:00" 846 36295
"2015-04-22 00:00:00" 723 42059
"2015-04-23 00:00:00" 1286 24329
"2015-04-24 00:00:00" 868 34427
"2015-04-25 00:00:00" 684 43212
"2015-04-26 00:00:00" 778 39633
"2015-04-27 00:00:00" 821 36814
"2015-04-28 00:00:00" 678 45074
"2015-04-29 00:00:00" 954 32890
"2015-04-30 00:00:00" 620 45520
"2015-05-01 00:00:00" 1673 18842
"2015-05-02 00:00:00" 845 34171
"2015-05-03 00:00:00" 557 52223
"2015-05-04 00:00:00" 936 32814
"2015-05-05 00:00:00" 1007 31222
"2015-05-06 00:00:00" 595 50787
"2015-05-07 00:00:00" 850 35351
"2015-05-08 00:00:00" 710 39196
"2015-05-09 00:00:00" 959 29458
"2015-05-10 00:00:00" 809 34502
"2015-05-11 00:00:00" 648 41600
"2015-05-12 00:00:00" 937 29941
"2015-05-13 00:00:00" 757 37008
"2015-05-14 00:00:00" 776 35679
"2015-05-15 00:00:00" 678 38292
"2015-05-16 00:00:00" 575 44036
"2015-05-17 00:00:00" 620 43921
"2015-05-18 00:00:00" 893 30513
"2015-05-19 00:00:00" 780 35126
"2015-05-20 00:00:00" 790 34192
"2015-05-21 00:00:00" 715 37523
"2015-05-22 00:00:00" 641 39798
"2015-05-23 00:00:00" 627 40599
"2015-05-24 00:00:00" 689 37489
"2015-05-25 00:00:00" 670 38850
"2015-05-26 00:00:00" 602 42734
"2015-05-27 00:00:00" 650 40321
"2015-05-28 00:00:00" 693 37958
"2015-05-29 00:00:00" 724 36022
"2015-05-30 00:00:00" 806 32340
"2015-05-31 00:00:00" 814 32831
"2015-06-01 00:00:00" 809 33772
"2015-06-02 00:00:00" 823 33477
"2015-06-03 00:00:00" 680 38984
"2015-06-04 00:00:00" 702 37261
"2015-06-05 00:00:00" 736 35731
"2015-06-06 00:00:00" 616 40896
"2015-06-07 00:00:00" 822 33355
"2015-06-08 00:00:00" 689 37310
"2015-06-09 00:00:00" 697 37232
"2015-06-10 00:00:00" 659 38310
"2015-06-11 00:00:00" 653 38205
"2015-06-12 00:00:00" 927 27218
"2015-06-13 00:00:00" 574 41047
"2015-06-14 00:00:00" 734 34472
"2015-06-15 00:00:00" 583 42213
"2015-06-16 00:00:00" 652 38843
"2015-06-17 00:00:00" 793 32658
"2015-06-18 00:00:00" 501 48118
"2015-06-19 00:00:00" 649 37752
"2015-06-20 00:00:00" 646 37448
"2015-06-21 00:00:00" 481 49645
"2015-06-22 00:00:00" 564 43797
"2015-06-23 00:00:00" 676 37731
"2015-06-24 00:00:00" 658 38637
"2015-06-25 00:00:00" 644 39490
"2015-06-26 00:00:00" 585 43778
"2015-06-27 00:00:00" 524 45101
"2015-06-28 00:00:00" 529 46887
"2015-06-29 00:00:00" 595 42015
"2015-06-30 00:00:00" 644 39184
"2015-07-01 00:00:00" 676 37972
"2015-07-02 00:00:00" 643 38611
"2015-07-03 00:00:00" 727 34815
"2015-07-04 00:00:00" 520 45218
"2015-07-05 00:00:00" 477 50566
"2015-07-06 00:00:00" 608 42070
"2015-07-07 00:00:00" 767 34711
"2015-07-08 00:00:00" 682 38512
"2015-07-09 00:00:00" 714 37097
"2015-07-10 00:00:00" 703 36545
"2015-07-11 00:00:00" 570 42370
"2015-07-12 00:00:00" 1107 24695
"2015-07-13 00:00:00" 617 42175
"2015-07-14 00:00:00" 616 42585
"2015-07-15 00:00:00" 990 28338
"2015-07-16 00:00:00" 882 30370
"2015-07-17 00:00:00" 942 26856
"2015-07-18 00:00:00" 700 33352
"2015-07-19 00:00:00" 548 43050
"2015-07-20 00:00:00" 649 39195
"2015-07-21 00:00:00" 779 34082
"2015-07-22 00:00:00" 853 32098
"2015-07-23 00:00:00" 825 33059
"2015-07-24 00:00:00" 758 34065
"2015-07-25 00:00:00" 815 30716
"2015-07-26 00:00:00" 647 39024
"2015-07-27 00:00:00" 686 38145
"2015-07-28 00:00:00" 859 31727
"2015-07-29 00:00:00" 857 31628
"2015-07-30 00:00:00" 649 40293
"2015-07-31 00:00:00" 699 37634
"2015-08-01 00:00:00" 606 39519
"2015-08-02 00:00:00" 500 47699
"2015-08-03 00:00:00" 605 41757
"2015-08-04 00:00:00" 611 42815
"2015-08-05 00:00:00" 708 37076
"2015-08-06 00:00:00" 626 41698
"2015-08-07 00:00:00" 557 44308
"2015-08-08 00:00:00" 579 41161
"2015-08-09 00:00:00" 994 26348
"2015-08-10 00:00:00" 685 38520
"2015-08-11 00:00:00" 748 35597
"2015-08-12 00:00:00" 696 37862
"2015-08-13 00:00:00" 682 38069
"2015-08-14 00:00:00" 797 32228
"2015-08-15 00:00:00" 541 43360
"2015-08-16 00:00:00" 629 40058
"2015-08-17 00:00:00" 675 38978
"2015-08-18 00:00:00" 724 35877
"2015-08-19 00:00:00" 1617 17565
"2015-08-20 00:00:00" 716 36654
"2015-08-21 00:00:00" 769 34148
"2015-08-22 00:00:00" 694 36068
"2015-08-23 00:00:00" 740 35406
"2015-08-24 00:00:00" 817 32639
"2015-08-25 00:00:00" 702 37247
"2015-08-26 00:00:00" 723 35307
"2015-08-27 00:00:00" 838 30597
"2015-08-28 00:00:00" 743 33509
"2015-08-29 00:00:00" 611 39631
"2015-08-30 00:00:00" 740 39254
"2015-08-31 00:00:00" 724 34065
"2015-09-01 00:00:00" 746 33837
"2015-09-02 00:00:00" 617 39522
"2015-09-03 00:00:00" 715 34440
"2015-09-04 00:00:00" 650 37025
"2015-09-05 00:00:00" 632 37736
"2015-09-06 00:00:00" 495 48036
"2015-09-07 00:00:00" 705 35377
"2015-09-08 00:00:00" 757 33650
"2015-09-09 00:00:00" 584 41550
"2015-09-10 00:00:00" 602 40503
"2015-09-11 00:00:00" 940 27002
"2015-09-12 00:00:00" 673 36619
"2015-09-13 00:00:00" 944 27798
"2015-09-14 00:00:00" 678 35947
"2015-09-15 00:00:00" 576 42954
"2015-09-16 00:00:00" 705 35761
"2015-09-17 00:00:00" 665 36754
"2015-09-18 00:00:00" 623 38507
"2015-09-19 00:00:00" 616 39188
"2015-09-20 00:00:00" 731 34457
"2015-09-21 00:00:00" 712 34472
"2015-09-22 00:00:00" 691 35915
"2015-09-23 00:00:00" 941 27436
"2015-09-24 00:00:00" 1064 23357
"2015-09-25 00:00:00" 656 36421
"2015-09-26 00:00:00" 640 37454
"2015-09-27 00:00:00" 675 36304
"2015-09-28 00:00:00" 801 30699
"2015-09-29 00:00:00" 776 31471
"2015-09-30 00:00:00" 777 31359
"2015-10-01 00:00:00" 780 31183
"2015-10-02 00:00:00" 709 33507
"2015-10-03 00:00:00" 1259 20046
"2015-10-04 00:00:00" 762 32527
"2015-10-05 00:00:00" 542 43248
"2015-10-06 00:00:00" 648 36958
"2015-10-07 00:00:00" 747 32747
"2015-10-08 00:00:00" 720 34015
"2015-10-09 00:00:00" 807 30332
"2015-10-10 00:00:00" 627 37755
"2015-10-11 00:00:00" 662 36048
"2015-10-12 00:00:00" 869 29046
"2015-10-13 00:00:00" 646 38405
"2015-10-14 00:00:00" 3091 9281
"2015-10-15 00:00:00" 863 28721
"2015-10-16 00:00:00" 706 33446
"2015-10-17 00:00:00" 782 30652
"2015-10-18 00:00:00" 632 38619
"2015-10-19 00:00:00" 776 31690
"2015-10-20 00:00:00" 873 28813
"2015-10-21 00:00:00" 750 33289
"2015-10-22 00:00:00" 773 31877
"2015-10-23 00:00:00" 648 39016
"2015-10-24 00:00:00" 657 39182
"2015-10-25 00:00:00" 692 39124
"2015-10-26 00:00:00" 772 32568
"2015-10-27 00:00:00" 836 30179
"2015-10-28 00:00:00" 833 30567
"2015-10-29 00:00:00" 810 31352
"2015-10-30 00:00:00" 654 37044
"2015-10-31 00:00:00" 650 37386
"2015-11-01 00:00:00" 2093 13810
"2015-11-02 00:00:00" 1298 20731
"2015-11-03 00:00:00" 740 34367
"2015-11-04 00:00:00" 1172 22965
"2015-11-05 00:00:00" 903 27995
"2015-11-06 00:00:00" 724 33699
"2015-11-07 00:00:00" 721 34833
"2015-11-08 00:00:00" 670 37966
"2015-11-09 00:00:00" 1083 24168
"2015-11-10 00:00:00" 734 34306
"2015-11-11 00:00:00" 523 45956
"2015-11-12 00:00:00" 784 32259
"2015-11-13 00:00:00" 573 44879
"2015-11-14 00:00:00" 506 54105
"2015-11-15 00:00:00" 601 43115
"2015-11-16 00:00:00" 828 31350
"2015-11-17 00:00:00" 1003 29184
"2015-11-18 00:00:00" 968 27863
"2015-11-19 00:00:00" 967 27311
"2015-11-20 00:00:00" 651 37655
"2015-11-21 00:00:00" 619 40848
"2015-11-22 00:00:00" 575 45346
"2015-11-23 00:00:00" 1014 26340
"2015-11-24 00:00:00" 723 34046
"2015-11-25 00:00:00" 845 31020
"2015-11-26 00:00:00" 672 37366
"2015-11-27 00:00:00" 1011 25538
"2015-11-28 00:00:00" 708 35478
"2015-11-29 00:00:00" 658 38945
"2015-11-30 00:00:00" 742 34801
"2015-12-01 00:00:00" 814 31877
"2015-12-02 00:00:00" 795 34827
"2015-12-03 00:00:00" 1113 24738
"2015-12-04 00:00:00" 1384 19671
"2015-12-05 00:00:00" 623 39701
"2015-12-06 00:00:00" 656 40443
"2015-12-07 00:00:00" 667 39456
"2015-12-08 00:00:00" 698 38068
"2015-12-09 00:00:00" 700 37867
"2015-12-10 00:00:00" 532 47902
"2015-12-11 00:00:00" 575 43667
"2015-12-12 00:00:00" 539 45889
"2015-12-13 00:00:00" 856 31762
"2015-12-14 00:00:00" 528 48696
"2015-12-15 00:00:00" 756 35121
"2015-12-16 00:00:00" 500 49724
"2015-12-17 00:00:00" 572 41720
"2015-12-18 00:00:00" 525 44076
"2015-12-19 00:00:00" 470 48773
"2015-12-20 00:00:00" 659 38764
"2015-12-21 00:00:00" 593 41463
"2015-12-22 00:00:00" 583 41700
"2015-12-23 00:00:00" 605 40640
"2015-12-24 00:00:00" 522 43656
"2015-12-25 00:00:00" 442 48478
"2015-12-26 00:00:00" 613 37632
"2015-12-27 00:00:00" 608 40481
"2015-12-28 00:00:00" 929 28464
"2015-12-29 00:00:00" 589 42614
"2015-12-30 00:00:00" 720 36983
"2015-12-31 00:00:00" 558 45416
"2016-01-01 00:00:00" 779 30792
"2016-01-02 00:00:00" 732 33684
"2016-01-03 00:00:00" 665 38729
"2016-01-04 00:00:00" 647 40012
"2016-01-05 00:00:00" 608 42583
"2016-01-06 00:00:00" 1005 26961
"2016-01-07 00:00:00" 682 36903
"2016-01-08 00:00:00" 556 43644
"2016-01-09 00:00:00" 768 32717
"2016-01-10 00:00:00" 491 49739
"2016-01-11 00:00:00" 939 28494
"2016-01-12 00:00:00" 661 38162
"2016-01-13 00:00:00" 782 33050
"2016-01-14 00:00:00" 700 37292
"2016-01-15 00:00:00" 627 39577
"2016-01-16 00:00:00" 531 44847
"2016-01-17 00:00:00" 652 39058
"2016-01-18 00:00:00" 871 31358
"2016-01-19 00:00:00" 699 33155
"2016-01-20 00:00:00" 1144 24091
"2016-01-21 00:00:00" 711 36266
"2016-01-22 00:00:00" 766 33565
"2016-01-23 00:00:00" 609 40125
"2016-01-24 00:00:00" 1170 23473
"2016-01-25 00:00:00" 685 37044
"2016-01-26 00:00:00" 693 36773
"2016-01-27 00:00:00" 584 43375
"2016-01-28 00:00:00" 1133 24143
"2016-01-29 00:00:00" 734 34138
"2016-01-30 00:00:00" 1108 23388
"2016-01-31 00:00:00" 683 36800
"2016-02-01 00:00:00" 562 43596
"2016-02-02 00:00:00" 585 42427
"2016-02-03 00:00:00" 979 27213
"2016-02-04 00:00:00" 503 47135
"2016-02-05 00:00:00" 888 28550
"2016-02-06 00:00:00" 1149 22378
"2016-02-07 00:00:00" 954 27756
"2016-02-08 00:00:00" 732 33628
"2016-02-09 00:00:00" 776 32800
"2016-02-10 00:00:00" 947 27723
"2016-02-11 00:00:00" 611 41029
"2016-02-12 00:00:00" 908 28542
"2016-02-13 00:00:00" 733 35159
"2016-02-14 00:00:00" 688 37012
"2016-02-15 00:00:00" 686 37599
"2016-02-16 00:00:00" 730 35175
"2016-02-17 00:00:00" 660 38960
"2016-02-18 00:00:00" 875 29910
"2016-02-19 00:00:00" 858 30562
"2016-02-20 00:00:00" 627 39415
"2016-02-21 00:00:00" 781 35103
"2016-02-22 00:00:00" 745 34879
"2016-02-23 00:00:00" 754 34792
"2016-02-24 00:00:00" 626 41882
"2016-02-25 00:00:00" 697 37307
"2016-02-26 00:00:00" 836 31022
"2016-02-27 00:00:00" 1196 23647
"2016-02-28 00:00:00" 709 37248
"2016-02-29 00:00:00" 661 38323
"2016-03-01 00:00:00" 658 38401
"2016-03-02 00:00:00" 790 32931
"2016-03-03 00:00:00" 638 38572
"2016-03-04 00:00:00" 763 33018
"2016-03-05 00:00:00" 725 34943
"2016-03-06 00:00:00" 804 33094
"2016-03-07 00:00:00" 986 27263
"2016-03-08 00:00:00" 1084 25181
"2016-03-09 00:00:00" 851 31131
"2016-03-10 00:00:00" 730 35475
"2016-03-11 00:00:00" 648 37793
"2016-03-12 00:00:00" 732 32882
"2016-03-13 00:00:00" 628 38251
"2016-03-14 00:00:00" 956 27715
"2016-03-15 00:00:00" 919 29044
"2016-03-16 00:00:00" 950 28668
"2016-03-17 00:00:00" 784 33233
"2016-03-18 00:00:00" 666 38159
"2016-03-19 00:00:00" 614 40272
"2016-03-20 00:00:00" 720 36422
"2016-03-21 00:00:00" 653 39509
"2016-03-22 00:00:00" 755 35455
"2016-03-23 00:00:00" 684 37320
"2016-03-24 00:00:00" 650 38807
"2016-03-25 00:00:00" 817 31126
"2016-03-26 00:00:00" 1020 24931
"2016-03-27 00:00:00" 668 37571
"2016-03-28 00:00:00" 733 35891
"2016-03-29 00:00:00" 1228 32555
"2016-03-30 00:00:00" 878 33698
"2016-03-31 00:00:00" 676 39662
"2016-04-01 00:00:00" 668 38949
"2016-04-02 00:00:00" 696 36862
"2016-04-03 00:00:00" 798 34526
"2016-04-04 00:00:00" 818 32878
"2016-04-05 00:00:00" 746 36073
"2016-04-06 00:00:00" 760 34452
"2016-04-07 00:00:00" 867 30335
"2016-04-08 00:00:00" 1019 25401
"2016-04-09 00:00:00" 729 34251
"2016-04-10 00:00:00" 1661 17200
"2016-04-11 00:00:00" 777 33563
"2016-04-12 00:00:00" 844 31379
"2016-04-13 00:00:00" 864 31333
"2016-04-14 00:00:00" 715 37068
"2016-04-15 00:00:00" 1323 22752
"2016-04-16 00:00:00" 787 32868
"2016-04-17 00:00:00" 1072 26878
"2016-04-18 00:00:00" 709 36577
"2016-04-19 00:00:00" 770 34256
"2016-04-20 00:00:00" 907 29829
"2016-04-21 00:00:00" 719 35966
"2016-04-22 00:00:00" 875 29342
"2016-04-23 00:00:00" 2388 20403
"2016-04-24 00:00:00" 1006 37975
"2016-04-25 00:00:00" 1020 26959
"2016-04-26 00:00:00" 1888 15806
"2016-04-27 00:00:00" 1661 17482
"2016-04-28 00:00:00" 740 35449
"2016-04-29 00:00:00" 949 28166
"2016-04-30 00:00:00" 1833 15374
"2016-05-01 00:00:00" 880 30230
"2016-05-02 00:00:00" 668 39059
"2016-05-03 00:00:00" 1347 21267
"2016-05-04 00:00:00" 1841 13096
"2016-05-05 00:00:00" 1177 24010
"2016-05-06 00:00:00" 846 31231
"2016-05-07 00:00:00" 647 39430
"2016-05-08 00:00:00" 744 35881
"2016-05-09 00:00:00" 787 34208
"2016-05-10 00:00:00" 837 32276
"2016-05-11 00:00:00" 935 28979
"2016-05-12 00:00:00" 881 30758
"2016-05-13 00:00:00" 792 32566
"2016-05-14 00:00:00" 643 39385
"2016-05-15 00:00:00" 632 40935
"2016-05-16 00:00:00" 727 35806
"2016-05-17 00:00:00" 655 39033
"2016-05-18 00:00:00" 826 33502
"2016-05-19 00:00:00" 769 34156
"2016-05-20 00:00:00" 780 32805
"2016-05-21 00:00:00" 689 36181
"2016-05-22 00:00:00" 771 34095
"2016-05-23 00:00:00" 814 31817
"2016-05-24 00:00:00" 978 27410
"2016-05-25 00:00:00" 833 31485
"2016-05-26 00:00:00" 776 33253
"2016-05-27 00:00:00" 751 33589
"2016-05-28 00:00:00" 558 43005
"2016-05-29 00:00:00" 549 45370
"2016-05-30 00:00:00" 604 41686
"2016-05-31 00:00:00" 647 39394
"2016-06-01 00:00:00" 743 34893
"2016-06-02 00:00:00" 784 33400
"2016-06-03 00:00:00" 756 33350
"2016-06-04 00:00:00" 588 41410
"2016-06-05 00:00:00" 777 34221
"2016-06-06 00:00:00" 747 35298
"2016-06-07 00:00:00" 766 34900
"2016-06-08 00:00:00" 821 33589
"2016-06-09 00:00:00" 648 40512
"2016-06-10 00:00:00" 834 31895
"2016-06-11 00:00:00" 649 38276
"2016-06-12 00:00:00" 686 39805
"2016-06-13 00:00:00" 609 43397
"2016-06-14 00:00:00" 662 40034
"2016-06-15 00:00:00" 794 33941
"2016-06-16 00:00:00" 750 35820
"2016-06-17 00:00:00" 686 37971
"2016-06-18 00:00:00" 654 38648
"2016-06-19 00:00:00" 629 41253
"2016-06-20 00:00:00" 666 39154
"2016-06-21 00:00:00" 713 37990
"2016-06-22 00:00:00" 687 40030
"2016-06-23 00:00:00" 705 38062
"2016-06-24 00:00:00" 674 40307
"2016-06-25 00:00:00" 688 36089
"2016-06-26 00:00:00" 526 50474
"2016-06-27 00:00:00" 850 32453
"2016-06-28 00:00:00" 893 30819
"2016-06-29 00:00:00" 692 37615
"2016-06-30 00:00:00" 952 28166
"2016-07-01 00:00:00" 675 37273
"2016-07-02 00:00:00" 779 32176
"2016-07-03 00:00:00" 538 46123
"2016-07-04 00:00:00" 628 41649
"2016-07-05 00:00:00" 706 36284
"2016-07-06 00:00:00" 810 31302
"2016-07-07 00:00:00" 804 32570
"2016-07-08 00:00:00" 754 33604
"2016-07-09 00:00:00" 488 48333
"2016-07-10 00:00:00" 634 39993
"2016-07-11 00:00:00" 668 38472
"2016-07-12 00:00:00" 761 34580
"2016-07-13 00:00:00" 659 40057
"2016-07-14 00:00:00" 629 41405
"2016-07-15 00:00:00" 600 46244
"2016-07-16 00:00:00" 532 48807
"2016-07-17 00:00:00" 601 42750
"2016-07-18 00:00:00" 596 44466
"2016-07-19 00:00:00" 667 41118
"2016-07-20 00:00:00" 705 37737
"2016-07-21 00:00:00" 676 39861
"2016-07-22 00:00:00" 590 44649
"2016-07-23 00:00:00" 513 47663
"2016-07-24 00:00:00" 618 40611
"2016-07-25 00:00:00" 592 43318
"2016-07-26 00:00:00" 608 42986
"2016-07-27 00:00:00" 749 36255
"2016-07-28 00:00:00" 700 37877
"2016-07-29 00:00:00" 780 33891
"2016-07-30 00:00:00" 1107 23337
"2016-07-31 00:00:00" 758 34362
"2016-08-01 00:00:00" 763 35003
"2016-08-02 00:00:00" 838 31839
"2016-08-03 00:00:00" 823 32059
"2016-08-04 00:00:00" 692 37443
"2016-08-05 00:00:00" 729 35838
"2016-08-06 00:00:00" 615 39081
"2016-08-07 00:00:00" 648 38842
"2016-08-08 00:00:00" 759 34895
"2016-08-09 00:00:00" 2225 13417
"2016-08-10 00:00:00" 1348 20969
"2016-08-11 00:00:00" 1067 25268
"2016-08-12 00:00:00" 914 29031
"2016-08-13 00:00:00" 637 38957
"2016-08-14 00:00:00" 753 34628
"2016-08-15 00:00:00" 639 40330
"2016-08-16 00:00:00" 880 30522
"2016-08-17 00:00:00" 751 34994
"2016-08-18 00:00:00" 738 35353
"2016-08-19 00:00:00" 1437 19221
"2016-08-20 00:00:00" 835 30992
"2016-08-21 00:00:00" 803 32556
"2016-08-22 00:00:00" 916 28266
"2016-08-23 00:00:00" 719 35084
"2016-08-24 00:00:00" 790 33170
"2016-08-25 00:00:00" 809 31511
"2016-08-26 00:00:00" 730 34357
"2016-08-27 00:00:00" 854 28843
"2016-08-28 00:00:00" 798 33021
"2016-08-29 00:00:00" 725 36338
"2016-08-30 00:00:00" 670 38219
"2016-08-31 00:00:00" 747 35786
"2016-09-01 00:00:00" 605 42735
"2016-09-02 00:00:00" 624 39364
"2016-09-03 00:00:00" 579 42082
"2016-09-04 00:00:00" 771 33216
"2016-09-05 00:00:00" 662 37958
"2016-09-06 00:00:00" 740 34656
"2016-09-07 00:00:00" 884 29650
"2016-09-08 00:00:00" 199 41862
"2016-09-09 00:00:00" 942 27110
"2016-09-10 00:00:00" 893 28886
"2016-09-11 00:00:00" 976 27718
"2016-09-12 00:00:00" 1009 26473
"2016-09-13 00:00:00" 1023 25854
"2016-09-14 00:00:00" 871 29726
"2016-09-15 00:00:00" 862 29662
"2016-09-16 00:00:00" 859 29386
"2016-09-17 00:00:00" 885 28574
"2016-09-18 00:00:00" 1286 21622
"2016-09-19 00:00:00" 972 27168
"2016-09-20 00:00:00" 963 27358
"2016-09-21 00:00:00" 1167 23794
"2016-09-22 00:00:00" 789 32437
"2016-09-23 00:00:00" 821 30375
"2016-09-24 00:00:00" 847 29010
"2016-09-25 00:00:00" 652 38649
"2016-09-26 00:00:00" 824 32390
"2016-09-27 00:00:00" 857 30492
"2016-09-28 00:00:00" 966 27599
"2016-09-29 00:00:00" 793 32276
"2016-09-30 00:00:00" 769 32974
"2016-10-01 00:00:00" 780 32477
"2016-10-02 00:00:00" 1620 17831
"2016-10-03 00:00:00" 977 27411
"2016-10-04 00:00:00" 877 30461
"2016-10-05 00:00:00" 762 34538
"2016-10-06 00:00:00" 905 29841
"2016-10-07 00:00:00" 998 26248
"2016-10-08 00:00:00" 764 33621
"2016-10-09 00:00:00" 922 30835
"2016-10-10 00:00:00" 826 32798
"2016-10-11 00:00:00" 854 32045
"2016-10-12 00:00:00" 832 32395
"2016-10-13 00:00:00" 799 38970
"2016-10-14 00:00:00" 657 44148
"2016-10-15 00:00:00" 690 38831
"2016-10-16 00:00:00" 627 43461
"2016-10-17 00:00:00" 1172 23973
"2016-10-18 00:00:00" 995 28301
"2016-10-19 00:00:00" 1021 28693
"2016-10-20 00:00:00" 879 31988
"2016-10-21 00:00:00" 796 32146
"2016-10-22 00:00:00" 789 33782
"2016-10-23 00:00:00" 1152 24748
"2016-10-24 00:00:00" 860 31895
"2016-10-25 00:00:00" 942 30272
"2016-10-26 00:00:00" 997 28875
"2016-10-27 00:00:00" 980 29159
"2016-10-28 00:00:00" 888 31024
"2016-10-29 00:00:00" 875 30291
"2016-10-30 00:00:00" 627 42933
"2016-10-31 00:00:00" 885 31195
"2016-11-01 00:00:00" 912 31286
"2016-11-02 00:00:00" 3670 8931
"2016-11-03 00:00:00" 1541 19040
"2016-11-04 00:00:00" 836 31976
"2016-11-05 00:00:00" 610 42476
"2016-11-06 00:00:00" 767 36130
"2016-11-07 00:00:00" 884 30529
"2016-11-08 00:00:00" 1483 20888
"2016-11-09 00:00:00" 802 39880
"2016-11-10 00:00:00" 716 37141
"2016-11-11 00:00:00" 659 39254
"2016-11-12 00:00:00" 656 40249
"2016-11-13 00:00:00" 668 40905
"2016-11-14 00:00:00" 843 32679
"2016-11-15 00:00:00" 796 34640
"2016-11-16 00:00:00" 1045 27291
"2016-11-17 00:00:00" 733 36715
"2016-11-18 00:00:00" 588 43876
"2016-11-19 00:00:00" 813 35070
"2016-11-20 00:00:00" 811 34955
"2016-11-21 00:00:00" 1001 27989
"2016-11-22 00:00:00" 1001 27826
"2016-11-23 00:00:00" 735 36732
"2016-11-24 00:00:00" 644 40630
"2016-11-25 00:00:00" 844 31248
"2016-11-26 00:00:00" 644 41375
"2016-11-27 00:00:00" 643 42205
"2016-11-28 00:00:00" 662 39622
"2016-11-29 00:00:00" 741 37911
"2016-11-30 00:00:00" 632 42043
"2016-12-01 00:00:00" 703 38167
"2016-12-02 00:00:00" 629 45537
"2016-12-03 00:00:00" 754 36020
"2016-12-04 00:00:00" 746 37159
"2016-12-05 00:00:00" 573 46578
"2016-12-06 00:00:00" 533 49596
"2016-12-07 00:00:00" 674 36986
"2016-12-09 00:00:00" 651 36491
"2016-12-10 00:00:00" 627 38602
"2016-12-11 00:00:00" 752 34235
"2016-12-12 00:00:00" 636 39818
"2016-12-13 00:00:00" 782 32430
"2016-12-14 00:00:00" 770 33749
"2016-12-15 00:00:00" 663 37149
"2016-12-16 00:00:00" 629 38143
"2016-12-17 00:00:00" 711 34122
"2016-12-18 00:00:00" 584 41978
"2016-12-19 00:00:00" 605 41451
"2016-12-20 00:00:00" 649 37632
"2016-12-21 00:00:00" 580 41618
"2016-12-22 00:00:00" 572 39727
"2016-12-23 00:00:00" 461 44499
"2016-12-24 00:00:00" 327 57938
"2016-12-25 00:00:00" 315 64222
"2016-12-26 00:00:00" 669 33941
"2016-12-27 00:00:00" 576 36883
"2016-12-28 00:00:00" 193 43498
"2016-12-31 00:00:00" 214 50988
"2017-01-01 00:00:00" 440 52345
"2017-01-02 00:00:00" 615 41008
"2017-01-03 00:00:00" 824 31526
"2017-01-04 00:00:00" 769 33691
"2017-01-05 00:00:00" 640 40726
"2017-01-06 00:00:00" 723 35428
"2017-01-07 00:00:00" 715 34811
"2017-01-08 00:00:00" 625 40811
"2017-01-09 00:00:00" 572 45346
"2017-01-10 00:00:00" 682 38114
"2017-01-11 00:00:00" 641 40241
"2017-01-12 00:00:00" 569 43790
"2017-01-13 00:00:00" 672 37359
"2017-01-14 00:00:00" 568 44088
"2017-01-15 00:00:00" 538 47468
"2017-01-16 00:00:00" 745 36148
"2017-01-17 00:00:00" 996 26883
"2017-01-18 00:00:00" 678 37640
"2017-01-19 00:00:00" 889 30977
"2017-01-20 00:00:00" 622 40230
"2017-01-21 00:00:00" 690 36611
"2017-01-22 00:00:00" 704 36562
"2017-01-23 00:00:00" 725 35692
"2017-01-24 00:00:00" 1161 24115
"2017-01-25 00:00:00" 729 38200
"2017-01-26 00:00:00" 576 46516
"2017-01-27 00:00:00" 665 43204
"2017-01-28 00:00:00" 693 44080
"2017-01-29 00:00:00" 789 39839
"2017-01-30 00:00:00" 647 40305
"2017-01-31 00:00:00" 635 40769
"2017-02-01 00:00:00" 624 41500
"2017-02-02 00:00:00" 606 41934
"2017-02-03 00:00:00" 475 50255
"2017-02-04 00:00:00" 796 31359
"2017-02-05 00:00:00" 982 27583
"2017-02-06 00:00:00" 899 29555
"2017-02-07 00:00:00" 806 33011
"2017-02-08 00:00:00" 840 31973
"2017-02-09 00:00:00" 614 41539
"2017-02-10 00:00:00" 616 40347
"2017-02-11 00:00:00" 813 31407
"2017-02-12 00:00:00" 1047 26527
"2017-02-13 00:00:00" 876 30670
"2017-02-14 00:00:00" 836 31881
"2017-02-15 00:00:00" 802 32787
"2017-02-16 00:00:00" 678 37834
"2017-02-17 00:00:00" 668 37605
"2017-02-18 00:00:00" 636 38337
"2017-02-19 00:00:00" 665 37878
"2017-02-20 00:00:00" 569 44143
"2017-02-21 00:00:00" 637 39769
"2017-02-22 00:00:00" 598 43740
"2017-02-23 00:00:00" 646 39744
"2017-02-24 00:00:00" 590 41997
"2017-02-25 00:00:00" 509 46235
"2017-02-26 00:00:00" 667 37994
"2017-02-27 00:00:00" 699 36104
"2017-02-28 00:00:00" 665 38598
"2017-03-01 00:00:00" 705 36539
"2017-03-02 00:00:00" 953 26909
"2017-03-03 00:00:00" 928 27493
"2017-03-04 00:00:00" 947 27294
"2017-03-05 00:00:00" 667 38748
"2017-03-06 00:00:00" 624 40133
"2017-03-07 00:00:00" 660 38489
"2017-03-08 00:00:00" 794 33922
"2017-03-09 00:00:00" 570 45764
"2017-03-10 00:00:00" 545 48835
"2017-03-11 00:00:00" 524 47026
"2017-03-12 00:00:00" 598 43035
"2017-03-13 00:00:00" 555 45329
"2017-03-14 00:00:00" 866 30856
"2017-03-15 00:00:00" 664 38850
"2017-03-16 00:00:00" 714 36536
"2017-03-17 00:00:00" 538 44867
"2017-03-18 00:00:00" 673 36713
"2017-03-19 00:00:00" 555 44803
"2017-03-20 00:00:00" 484 50492
"2017-03-21 00:00:00" 576 43857
"2017-03-22 00:00:00" 810 32484
"2017-03-23 00:00:00" 609 42620
"2017-03-24 00:00:00" 750 33356
"2017-03-25 00:00:00" 675 36040
"2017-03-26 00:00:00" 544 44566
"2017-03-27 00:00:00" 636 38916
"2017-03-28 00:00:00" 645 38664
"2017-03-29 00:00:00" 921 27413
"2017-03-30 00:00:00" 871 29350
"2017-03-31 00:00:00" 857 29580
"2017-04-01 00:00:00" 618 38658
"2017-04-02 00:00:00" 689 35634
"2017-04-03 00:00:00" 661 36968
"2017-04-04 00:00:00" 636 39838
"2017-04-05 00:00:00" 805 31784
"2017-04-06 00:00:00" 1829 15341
"2017-04-07 00:00:00" 978 26374
"2017-04-08 00:00:00" 965 26119
"2017-04-09 00:00:00" 594 41401
"2017-04-10 00:00:00" 601 41837
"2017-04-11 00:00:00" 744 35580
"2017-04-12 00:00:00" 987 27251
"2017-04-13 00:00:00" 599 41163
"2017-04-14 00:00:00" 655 37949
"2017-04-15 00:00:00" 830 30464
"2017-04-16 00:00:00" 510 49789
"2017-04-17 00:00:00" 606 41977
"2017-04-18 00:00:00" 950 28818
"2017-04-19 00:00:00" 794 34327
"2017-04-20 00:00:00" 599 43259
"2017-04-21 00:00:00" 571 43722
"2017-04-22 00:00:00" 696 36619
"2017-04-23 00:00:00" 795 33864
"2017-04-24 00:00:00" 651 39777
"2017-04-25 00:00:00" 1433 19789
"2017-04-26 00:00:00" 857 31589
"2017-04-27 00:00:00" 840 31396
"2017-04-28 00:00:00" 689 36965
"2017-04-29 00:00:00" 632 38755
"2017-04-30 00:00:00" 662 37834
"2017-05-01 00:00:00" 755 36746
"2017-05-02 00:00:00" 1348 22660
"2017-05-03 00:00:00" 570 49598
"2017-05-04 00:00:00" 869 33764
"2017-05-05 00:00:00" 784 35813
"2017-05-06 00:00:00" 980 28869
"2017-05-07 00:00:00" 606 46095
"2017-05-08 00:00:00" 680 40702
"2017-05-09 00:00:00" 791 38358
"2017-05-10 00:00:00" 693 41014
"2017-05-11 00:00:00" 745 37187
"2017-05-12 00:00:00" 621 43568
"2017-05-13 00:00:00" 578 45530
"2017-05-14 00:00:00" 643 41242
"2017-05-15 00:00:00" 650 40622
"2017-05-16 00:00:00" 615 43605
"2017-05-17 00:00:00" 1112 26604
"2017-05-18 00:00:00" 741 38132
"2017-05-19 00:00:00" 845 30984
"2017-05-20 00:00:00" 557 48208
"2017-05-21 00:00:00" 645 46729
"2017-05-22 00:00:00" 642 43425
"2017-05-23 00:00:00" 718 39817
"2017-05-24 00:00:00" 731 38519
"2017-05-25 00:00:00" 763 36144
"2017-05-26 00:00:00" 625 43411
"2017-05-27 00:00:00" 579 45230
"2017-05-28 00:00:00" 607 45327
"2017-05-29 00:00:00" 777 35467
"2017-05-30 00:00:00" 1948 15571
"2017-05-31 00:00:00" 1207 24664
"2017-06-01 00:00:00" 815 34991
"2017-06-02 00:00:00" 1025 27894
"2017-06-03 00:00:00" 860 32349
"2017-06-04 00:00:00" 664 42128
"2017-06-05 00:00:00" 574 47429
"2017-06-06 00:00:00" 708 39175
"2017-06-07 00:00:00" 653 42500
"2017-06-08 00:00:00" 995 29662
"2017-06-09 00:00:00" 1054 27058
"2017-06-10 00:00:00" 849 31019
"2017-06-11 00:00:00" 715 37086
"2017-06-12 00:00:00" 557 47165
"2017-06-13 00:00:00" 650 42554
"2017-06-14 00:00:00" 664 43063
"2017-06-15 00:00:00" 630 45019
"2017-06-16 00:00:00" 711 42337
"2017-06-17 00:00:00" 1153 25171
"2017-06-18 00:00:00" 814 34253
"2017-06-19 00:00:00" 735 37913
"2017-06-20 00:00:00" 736 38504
"2017-06-21 00:00:00" 720 39633
"2017-06-22 00:00:00" 826 35005
"2017-06-23 00:00:00" 696 39352
"2017-06-24 00:00:00" 615 40454
"2017-06-25 00:00:00" 525 46560
"2017-06-26 00:00:00" 627 41616
"2017-06-27 00:00:00" 942 30450
"2017-06-28 00:00:00" 680 41622
"2017-06-29 00:00:00" 716 39590
"2017-06-30 00:00:00" 525 50979
"2017-07-01 00:00:00" 596 45725
"2017-07-02 00:00:00" 552 49820
"2017-07-03 00:00:00" 600 45301
"2017-07-04 00:00:00" 620 45429
"2017-07-05 00:00:00" 836 35758
"2017-07-06 00:00:00" 723 39722
"2017-07-07 00:00:00" 851 33927
"2017-07-08 00:00:00" 667 41857
"2017-07-09 00:00:00" 560 49567
"2017-07-10 00:00:00" 841 36034
"2017-07-11 00:00:00" 738 39211
"2017-07-12 00:00:00" 850 34646
"2017-07-13 00:00:00" 722 39896
"2017-07-14 00:00:00" 765 36398
"2017-07-15 00:00:00" 686 39554
"2017-07-16 00:00:00" 611 44182
"2017-07-17 00:00:00" 732 38045
"2017-07-18 00:00:00" 741 39045
"2017-07-19 00:00:00" 921 32682
"2017-07-20 00:00:00" 870 35128
"2017-07-21 00:00:00" 624 45239
"2017-07-22 00:00:00" 564 47844
"2017-07-23 00:00:00" 639 43171
"2017-07-24 00:00:00" 640 43842
"2017-07-25 00:00:00" 677 42718
"2017-07-26 00:00:00" 694 42811
"2017-07-27 00:00:00" 770 38795
"2017-07-28 00:00:00" 638 43737
"2017-07-29 00:00:00" 574 44859
"2017-07-30 00:00:00" 1166 25639
"2017-07-31 00:00:00" 848 33638
"2017-08-01 00:00:00" 737 37675
"2017-08-02 00:00:00" 653 42315
"2017-08-03 00:00:00" 940 30728
"2017-08-04 00:00:00" 782 34756
"2017-08-05 00:00:00" 694 37354
"2017-08-06 00:00:00" 597 44592
"2017-08-07 00:00:00" 674 41040
"2017-08-08 00:00:00" 713 39396
"2017-08-09 00:00:00" 813 35012
"2017-08-10 00:00:00" 814 36462
"2017-08-11 00:00:00" 773 37700
"2017-08-12 00:00:00" 663 43052
"2017-08-13 00:00:00" 869 36060
"2017-08-14 00:00:00" 660 43832
"2017-08-15 00:00:00" 789 38041
"2017-08-16 00:00:00" 723 40957
"2017-08-17 00:00:00" 786 39135
"2017-08-18 00:00:00" 884 34270
"2017-08-19 00:00:00" 851 34405
"2017-08-20 00:00:00" 765 37902
"2017-08-21 00:00:00" 883 33486
"2017-08-22 00:00:00" 687 41128
"2017-08-23 00:00:00" 721 39609
"2017-08-24 00:00:00" 760 38425
"2017-08-25 00:00:00" 771 37404
"2017-08-26 00:00:00" 709 40000
"2017-08-27 00:00:00" 975 31491
"2017-08-28 00:00:00" 777 37331
"2017-08-29 00:00:00" 726 39267
"2017-08-30 00:00:00" 736 38459
"2017-08-31 00:00:00" 820 34385
"2017-09-01 00:00:00" 768 34234
"2017-09-02 00:00:00" 572 44725
"2017-09-03 00:00:00" 652 41252
"2017-09-04 00:00:00" 570 47359
"2017-09-05 00:00:00" 732 38944
"2017-09-06 00:00:00" 1104 26575
"2017-09-07 00:00:00" 1021 27964
"2017-09-08 00:00:00" 649 40651
"2017-09-09 00:00:00" 750 35713
"2017-09-10 00:00:00" 765 36429
"2017-09-11 00:00:00" 719 38545
"2017-09-12 00:00:00" 658 41328
"2017-09-13 00:00:00" 713 38725
"2017-09-14 00:00:00" 781 36213
"2017-09-15 00:00:00" 899 31641
"2017-09-16 00:00:00" 635 42645
"2017-09-17 00:00:00" 666 41684
"2017-09-18 00:00:00" 727 38333
"2017-09-19 00:00:00" 817 35429
"2017-09-20 00:00:00" 736 40018
"2017-09-21 00:00:00" 656 42259
"2017-09-22 00:00:00" 678 40526
"2017-09-23 00:00:00" 673 41179
"2017-09-24 00:00:00" 679 41640
"2017-09-25 00:00:00" 795 35215
"2017-09-26 00:00:00" 874 33208
"2017-09-27 00:00:00" 734 38058
"2017-09-28 00:00:00" 684 39871
"2017-09-29 00:00:00" 594 44448
"2017-09-30 00:00:00" 533 50030
"2017-10-01 00:00:00" 580 49624
"2017-10-02 00:00:00" 577 48164
"2017-10-03 00:00:00" 594 46056
"2017-10-04 00:00:00" 554 47083
"2017-10-05 00:00:00" 472 53541
"2017-10-06 00:00:00" 704 37142
"2017-10-07 00:00:00" 563 44254
"2017-10-08 00:00:00" 971 29470
"2017-10-09 00:00:00" 1998 15013
"2017-10-10 00:00:00" 884 32501
"2017-10-11 00:00:00" 1235 22676
"2017-10-12 00:00:00" 1381 20513
"2017-10-13 00:00:00" 1256 22009
"2017-10-14 00:00:00" 687 37975
"2017-10-15 00:00:00" 683 40126
"2017-10-16 00:00:00" 1366 22029
"2017-10-17 00:00:00" 1060 27244
"2017-10-18 00:00:00" 757 36252
"2017-10-19 00:00:00" 625 38383
"2017-10-20 00:00:00" 717 35789
"2017-10-21 00:00:00" 1262 21788
"2017-10-22 00:00:00" 1320 22429
"2017-10-23 00:00:00" 771 35393
"2017-10-24 00:00:00" 840 32138
"2017-10-25 00:00:00" 785 33903
"2017-10-26 00:00:00" 754 38016
"2017-10-27 00:00:00" 781 33755
"2017-10-28 00:00:00" 652 38431
"2017-10-29 00:00:00" 642 39977
"2017-10-30 00:00:00" 729 35972
"2017-10-31 00:00:00" 743 35697
"2017-11-01 00:00:00" 819 33395
"2017-11-02 00:00:00" 739 36885
"2017-11-03 00:00:00" 767 34816
"2017-11-04 00:00:00" 785 34300
"2017-11-05 00:00:00" 756 36847
"2017-11-06 00:00:00" 1152 23932
"2017-11-07 00:00:00" 1147 23999
"2017-11-08 00:00:00" 1003 28116
"2017-11-09 00:00:00" 952 29424
"2017-11-10 00:00:00" 609 43314
"2017-11-11 00:00:00" 2085 13559
"2017-11-12 00:00:00" 1388 20569
"2017-11-13 00:00:00" 698 37899
"2017-11-14 00:00:00" 811 33684
"2017-11-15 00:00:00" 733 38992
"2017-11-16 00:00:00" 867 31656
"2017-11-17 00:00:00" 1062 25564
"2017-11-18 00:00:00" 743 35574
"2017-11-19 00:00:00" 535 49700
"2017-11-20 00:00:00" 706 38458
"2017-11-21 00:00:00" 898 30978
"2017-11-22 00:00:00" 780 35170
"2017-11-23 00:00:00" 540 45968
"2017-11-24 00:00:00" 1090 25178
"2017-11-25 00:00:00" 585 48942
"2017-11-26 00:00:00" 493 56805
"2017-11-27 00:00:00" 628 41074
"2017-11-28 00:00:00" 561 45728
"2017-11-29 00:00:00" 693 40712
"2017-11-30 00:00:00" 549 46738
"2017-12-01 00:00:00" 624 49190
"2017-12-02 00:00:00" 1404 22542
"2017-12-03 00:00:00" 800 36062
"2017-12-04 00:00:00" 653 41639
"2017-12-05 00:00:00" 661 40918
"2017-12-06 00:00:00" 705 39470
"2017-12-07 00:00:00" 895 31410
"2017-12-08 00:00:00" 1023 26954
"2017-12-09 00:00:00" 1306 21050
"2017-12-10 00:00:00" 1382 21009
"2017-12-11 00:00:00" 1164 24302
"2017-12-12 00:00:00" 687 39074
"2017-12-13 00:00:00" 796 34464
"2017-12-14 00:00:00" 667 39075
"2017-12-15 00:00:00" 539 46056
"2017-12-16 00:00:00" 963 27145
"2017-12-17 00:00:00" 1066 25290
"2017-12-18 00:00:00" 2291 15076
"2017-12-19 00:00:00" 879 31898
"2017-12-20 00:00:00" 694 38318
"2017-12-21 00:00:00" 615 41296
"2017-12-22 00:00:00" 623 40454
"2017-12-23 00:00:00" 647 38746
"2017-12-24 00:00:00" 548 43720
"2017-12-25 00:00:00" 351 65063
"2017-12-26 00:00:00" 522 46095
"2017-12-27 00:00:00" 641 39614
"2017-12-28 00:00:00" 720 35531
"2017-12-29 00:00:00" 645 41462
"2017-12-30 00:00:00" 909 29465
"2017-12-31 00:00:00" 713 38729
"2018-01-01 00:00:00" 534 45598
"2018-01-02 00:00:00" 653 41464
"2018-01-03 00:00:00" 700 38577
"2018-01-04 00:00:00" 585 45318
"2018-01-05 00:00:00" 613 44065
"2018-01-06 00:00:00" 784 33762
"2018-01-07 00:00:00" 785 34376
"2018-01-08 00:00:00" 1004 27525
"2018-01-09 00:00:00" 738 36199
"2018-01-10 00:00:00" 725 37996
"2018-01-11 00:00:00" 752 38805
"2018-01-12 00:00:00" 510 51684
"2018-01-13 00:00:00" 519 51950
"2018-01-14 00:00:00" 925 31512
"2018-01-15 00:00:00" 660 43615
"2018-01-16 00:00:00" 558 49865
"2018-01-17 00:00:00" 754 37997
"2018-01-18 00:00:00" 726 38206
"2018-01-19 00:00:00" 664 40796
"2018-01-20 00:00:00" 516 50526
"2018-01-21 00:00:00" 611 44777
"2018-01-22 00:00:00" 633 44405
"2018-01-23 00:00:00" 626 45277
"2018-01-24 00:00:00" 572 48612
"2018-01-25 00:00:00" 628 48066
"2018-01-26 00:00:00" 565 48828
"2018-01-27 00:00:00" 694 39939
"2018-01-28 00:00:00" 727 39346
"2018-01-29 00:00:00" 663 42037
"2018-01-30 00:00:00" 1519 20594
"2018-01-31 00:00:00" 1005 29271
"2018-02-01 00:00:00" 1021 28603
"2018-02-02 00:00:00" 803 34973
"2018-02-03 00:00:00" 841 34850
"2018-02-04 00:00:00" 699 41257
"2018-02-05 00:00:00" 585 48331
"2018-02-06 00:00:00" 509 54795
"2018-02-07 00:00:00" 561 50621
"2018-02-08 00:00:00" 628 44635
"2018-02-09 00:00:00" 697 40947
"2018-02-10 00:00:00" 651 43244
"2018-02-11 00:00:00" 702 39452
"2018-02-12 00:00:00" 536 50513
"2018-02-13 00:00:00" 685 41210
"2018-02-14 00:00:00" 725 40166
"2018-02-15 00:00:00" 631 44663
"2018-02-16 00:00:00" 781 36289
"2018-02-17 00:00:00" 1326 22845
"2018-02-18 00:00:00" 1276 23830
"2018-02-19 00:00:00" 936 32035
"2018-02-20 00:00:00" 1434 21666
"2018-02-21 00:00:00" 1866 17767
"2018-02-22 00:00:00" 1448 21349
"2018-02-23 00:00:00" 1262 23741
"2018-02-24 00:00:00" 790 38156
"2018-02-25 00:00:00" 669 47872
"2018-02-26 00:00:00" 755 39198
"2018-02-27 00:00:00" 921 33001
"2018-02-28 00:00:00" 891 33911
"2018-03-01 00:00:00" 865 35520
"2018-03-02 00:00:00" 1042 28106
"2018-03-03 00:00:00" 896 32203
"2018-03-04 00:00:00" 1589 19744
"2018-03-05 00:00:00" 796 35225
"2018-03-06 00:00:00" 575 47679
"2018-03-07 00:00:00" 904 31832
"2018-03-08 00:00:00" 725 38805
"2018-03-09 00:00:00" 664 41192
"2018-03-10 00:00:00" 660 41185
"2018-03-11 00:00:00" 1200 25088
"2018-03-12 00:00:00" 958 29138
"2018-03-13 00:00:00" 952 29676
"2018-03-14 00:00:00" 1391 21484
"2018-03-15 00:00:00" 1088 26175
"2018-03-16 00:00:00" 1238 22416
"2018-03-17 00:00:00" 1050 24964
"2018-03-18 00:00:00" 758 36940
"2018-03-19 00:00:00" 691 39556
"2018-03-20 00:00:00" 1103 25528
"2018-03-21 00:00:00" 1507 19470
"2018-03-22 00:00:00" 954 28381
"2018-03-23 00:00:00" 754 35151
"2018-03-24 00:00:00" 1041 25790
"2018-03-25 00:00:00" 1426 20098
"2018-03-26 00:00:00" 897 30564
"2018-03-27 00:00:00" 887 31590
"2018-03-28 00:00:00" 674 36908
"2018-03-29 00:00:00" 633 38976
"2018-03-30 00:00:00" 615 41369
"2018-03-31 00:00:00" 639 40518
"2018-04-01 00:00:00" 802 33696
"2018-04-02 00:00:00" 1511 19193
"2018-04-03 00:00:00" 717 38164
"2018-04-04 00:00:00" 970 29401
"2018-04-05 00:00:00" 728 37890
"2018-04-06 00:00:00" 685 37708
"2018-04-07 00:00:00" 754 36084
"2018-04-08 00:00:00" 589 46000
"2018-04-09 00:00:00" 642 41555
"2018-04-10 00:00:00" 1136 25062
"2018-04-11 00:00:00" 1135 25214
"2018-04-12 00:00:00" 107 34409
"2018-04-13 00:00:00" 867 31264
"2018-04-14 00:00:00" 705 37759
"2018-04-15 00:00:00" 722 37541
"2018-04-16 00:00:00" 681 39469
"2018-04-17 00:00:00" 892 30850
"2018-04-18 00:00:00" 774 36010
"2018-04-19 00:00:00" 1005 28322
"2018-04-20 00:00:00" 683 38999
"2018-04-21 00:00:00" 701 38192
"2018-04-22 00:00:00" 501 54108
"2018-04-23 00:00:00" 674 41000
"2018-04-24 00:00:00" 715 38986
"2018-04-25 00:00:00" 756 36165
"2018-04-26 00:00:00" 882 31716
"2018-04-27 00:00:00" 729 37418
"2018-04-28 00:00:00" 1166 23479
"2018-04-29 00:00:00" 1165 24370
"2018-04-30 00:00:00" 892 30700
"2018-05-01 00:00:00" 1829 16550
"2018-05-02 00:00:00" 982 28333
"2018-05-03 00:00:00" 1686 17216
"2018-05-04 00:00:00" 1111 24749
"2018-05-05 00:00:00" 701 37502
"2018-05-06 00:00:00" 629 44174
"2018-05-07 00:00:00" 595 45148
"2018-05-08 00:00:00" 806 35055
"2018-05-09 00:00:00" 657 42161
"2018-05-10 00:00:00" 607 44385
"2018-05-11 00:00:00" 658 40413
"2018-05-12 00:00:00" 708 39032
"2018-05-13 00:00:00" 584 46895
"2018-05-14 00:00:00" 897 33860
"2018-05-15 00:00:00" 727 41664
"2018-05-16 00:00:00" 760 39231
"2018-05-17 00:00:00" 790 37550
"2018-05-18 00:00:00" 684 44133
"2018-05-19 00:00:00" 806 37246
"2018-05-20 00:00:00" 585 54413
"2018-05-21 00:00:00" 860 35634
"2018-05-22 00:00:00" 1372 22871
"2018-05-23 00:00:00" 701 41014
"2018-05-24 00:00:00" 600 47321
"2018-05-25 00:00:00" 729 38759
"2018-05-26 00:00:00" 813 25743
"2018-05-27 00:00:00" 990 31110
"2018-05-28 00:00:00" 643 44958
"2018-05-29 00:00:00" 762 39359
"2018-05-30 00:00:00" 706 41123
"2018-05-31 00:00:00" 611 46965
"2018-06-01 00:00:00" 672 42883
"2018-06-02 00:00:00" 556 49754
"2018-06-03 00:00:00" 608 47188
"2018-06-04 00:00:00" 675 41855
"2018-06-05 00:00:00" 869 33803
"2018-06-06 00:00:00" 868 34159
"2018-06-07 00:00:00" 705 40856
"2018-06-08 00:00:00" 850 34158
"2018-06-09 00:00:00" 620 44561
"2018-06-10 00:00:00" 547 51770
"2018-06-11 00:00:00" 625 46629
"2018-06-12 00:00:00" 696 42473
"2018-06-13 00:00:00" 631 46671
"2018-06-14 00:00:00" 905 32400
"2018-06-15 00:00:00" 996 28349
"2018-06-16 00:00:00" 796 34413
"2018-06-17 00:00:00" 563 49280
"2018-06-18 00:00:00" 1350 22641
"2018-06-19 00:00:00" 1198 25731
"2018-06-20 00:00:00" 858 34465
"2018-06-21 00:00:00" 656 44043
"2018-06-22 00:00:00" 563 49963
"2018-06-23 00:00:00" 783 36447
"2018-06-24 00:00:00" 607 48194
"2018-06-25 00:00:00" 689 42784
"2018-06-26 00:00:00" 566 50090
"2018-06-27 00:00:00" 725 43898
"2018-06-28 00:00:00" 788 37930
"2018-06-29 00:00:00" 582 46593
"2018-06-30 00:00:00" 531 50863
"2018-07-01 00:00:00" 624 44650
"2018-07-02 00:00:00" 535 54394
"2018-07-03 00:00:00" 656 43483
"2018-07-04 00:00:00" 733 38093
"2018-07-05 00:00:00" 615 45985
"2018-07-06 00:00:00" 557 50357
"2018-07-07 00:00:00" 484 55701
"2018-07-08 00:00:00" 523 51704
"2018-07-09 00:00:00" 575 48731
"2018-07-10 00:00:00" 1129 27151
"2018-07-11 00:00:00" 897 32594
"2018-07-12 00:00:00" 994 28873
"2018-07-13 00:00:00" 783 36353
"2018-07-14 00:00:00" 801 34230
"2018-07-15 00:00:00" 784 37039
"2018-07-16 00:00:00" 612 45835
"2018-07-17 00:00:00" 727 39658
"2018-07-18 00:00:00" 689 41190
"2018-07-19 00:00:00" 537 50696
"2018-07-20 00:00:00" 671 41337
"2018-07-21 00:00:00" 561 47365
"2018-07-22 00:00:00" 780 35867
"2018-07-23 00:00:00" 646 43886
"2018-07-24 00:00:00" 831 35291
"2018-07-25 00:00:00" 971 30390
"2018-07-26 00:00:00" 809 35390
"2018-07-27 00:00:00" 718 37970
"2018-07-28 00:00:00" 571 46197
"2018-07-29 00:00:00" 568 47387
"2018-07-30 00:00:00" 757 37700
"2018-07-31 00:00:00" 664 42238
"2018-08-01 00:00:00" 616 45829
"2018-08-02 00:00:00" 542 51660
"2018-08-03 00:00:00" 652 42611
"2018-08-04 00:00:00" 586 46130
"2018-08-05 00:00:00" 649 43113
"2018-08-06 00:00:00" 593 47755
"2018-08-07 00:00:00" 688 41754
"2018-08-08 00:00:00" 632 45467
"2018-08-09 00:00:00" 626 46261
"2018-08-10 00:00:00" 498 53731
"2018-08-11 00:00:00" 472 54910
"2018-08-12 00:00:00" 508 53662
"2018-08-13 00:00:00" 648 44053
"2018-08-14 00:00:00" 607 46799
"2018-08-15 00:00:00" 713 39094
"2018-08-16 00:00:00" 588 46435
"2018-08-17 00:00:00" 582 47201
"2018-08-18 00:00:00" 637 42365
"2018-08-19 00:00:00" 661 41737
"2018-08-20 00:00:00" 566 48077
"2018-08-21 00:00:00" 552 47899
"2018-08-22 00:00:00" 801 34540
"2018-08-23 00:00:00" 822 34819
"2018-08-24 00:00:00" 850 35168
"2018-08-25 00:00:00" 954 30805
"2018-08-26 00:00:00" 719 40928
"2018-08-27 00:00:00" 643 43128
"2018-08-28 00:00:00" 721 39157
"2018-08-29 00:00:00" 654 43316
"2018-08-30 00:00:00" 654 43870
"2018-08-31 00:00:00" 573 49568
"2018-09-01 00:00:00" 974 29741
"2018-09-02 00:00:00" 639 43269
"2018-09-03 00:00:00" 1069 26939
"2018-09-04 00:00:00" 946 30619
"2018-09-05 00:00:00" 615 44812
"2018-09-06 00:00:00" 664 41034
"2018-09-07 00:00:00" 513 51323
"2018-09-08 00:00:00" 728 36498
"2018-09-09 00:00:00" 701 39164
"2018-09-10 00:00:00" 681 40004
"2018-09-11 00:00:00" 604 44939
"2018-09-12 00:00:00" 671 40352
"2018-09-13 00:00:00" 817 34746
"2018-09-14 00:00:00" 595 45338
"2018-09-15 00:00:00" 885 30975
"2018-09-16 00:00:00" 652 42153
"2018-09-17 00:00:00" 549 48579
"2018-09-18 00:00:00" 539 48496
"2018-09-19 00:00:00" 733 37150
"2018-09-20 00:00:00" 564 46016
"2018-09-21 00:00:00" 696 37357
"2018-09-22 00:00:00" 575 44270
"2018-09-23 00:00:00" 534 48985
"2018-09-24 00:00:00" 499 49255
"2018-09-25 00:00:00" 594 45173
"2018-09-26 00:00:00" 580 46236
"2018-09-27 00:00:00" 684 39622
"2018-09-28 00:00:00" 547 47147
"2018-09-29 00:00:00" 677 37748
"2018-09-30 00:00:00" 729 37894
"2018-10-01 00:00:00" 553 47864
"2018-10-02 00:00:00" 761 36164
"2018-10-03 00:00:00" 692 39888
"2018-10-04 00:00:00" 571 48334
"2018-10-05 00:00:00" 615 43797
"2018-10-06 00:00:00" 488 53923
"2018-10-07 00:00:00" 601 45996
"2018-10-08 00:00:00" 648 41380
"2018-10-09 00:00:00" 592 45534
"2018-10-10 00:00:00" 633 43235
"2018-10-11 00:00:00" 563 46986
"2018-10-12 00:00:00" 798 34485
"2018-10-13 00:00:00" 651 40115
"2018-10-14 00:00:00" 624 43910
"2018-10-15 00:00:00" 592 45518
"2018-10-16 00:00:00" 646 42063
"2018-10-17 00:00:00" 598 45181
"2018-10-18 00:00:00" 644 41449
"2018-10-19 00:00:00" 640 42456
"2018-10-20 00:00:00" 651 40785
"2018-10-21 00:00:00" 722 37971
"2018-10-22 00:00:00" 634 42872
"2018-10-23 00:00:00" 561 48239
"2018-10-24 00:00:00" 572 47831
"2018-10-25 00:00:00" 1411 20709
"2018-10-26 00:00:00" 746 35361
"2018-10-27 00:00:00" 670 39004
"2018-10-28 00:00:00" 497 53745
"2018-10-29 00:00:00" 533 49456
"2018-10-30 00:00:00" 533 48619
"2018-10-31 00:00:00" 421 60002
"2018-11-01 00:00:00" 612 43169
"2018-11-02 00:00:00" 592 45292
"2018-11-03 00:00:00" 756 35173
"2018-11-04 00:00:00" 884 31148
"2018-11-05 00:00:00" 783 34191
"2018-11-06 00:00:00" 1580 19683
"2018-11-07 00:00:00" 597 45303
"2018-11-08 00:00:00" 920 31749
"2018-11-09 00:00:00" 833 33910
"2018-11-10 00:00:00" 570 47917
"2018-11-11 00:00:00" 550 50213
"2018-11-12 00:00:00" 709 39317
"2018-11-13 00:00:00" 761 36687
"2018-11-14 00:00:00" 803 36057
"2018-11-15 00:00:00" 546 49006
"2018-11-16 00:00:00" 524 49023
"2018-11-17 00:00:00" 601 42864
"2018-11-18 00:00:00" 639 41486
"2018-11-19 00:00:00" 492 52848
"2018-11-20 00:00:00" 501 51276
"2018-11-21 00:00:00" 458 55346
"2018-11-22 00:00:00" 365 65125
"2018-11-23 00:00:00" 464 52404
"2018-11-24 00:00:00" 444 56535
"2018-11-25 00:00:00" 380 66245
"2018-11-26 00:00:00" 424 59476
"2018-11-27 00:00:00" 565 46022
"2018-11-28 00:00:00" 528 51244
"2018-11-29 00:00:00" 552 47052
"2018-11-30 00:00:00" 487 51827
"2018-12-01 00:00:00" 538 51787
"2018-12-02 00:00:00" 490 56011
"2018-12-03 00:00:00" 817 34915
"2018-12-04 00:00:00" 802 35177
"2018-12-05 00:00:00" 653 42702
"2018-12-06 00:00:00" 569 45885
"2018-12-07 00:00:00" 493 51619
"2018-12-08 00:00:00" 407 60445
"2018-12-09 00:00:00" 499 53242
"2018-12-10 00:00:00" 639 43102
"2018-12-11 00:00:00" 566 48063
"2018-12-12 00:00:00" 445 62367
"2018-12-13 00:00:00" 561 47444
"2018-12-14 00:00:00" 896 33178
"2018-12-15 00:00:00" 589 44739
"2018-12-16 00:00:00" 1580 18781
"2018-12-17 00:00:00" 637 41992
"2018-12-18 00:00:00" 536 48874
"2018-12-19 00:00:00" 425 60400
"2018-12-20 00:00:00" 702 38687
"2018-12-21 00:00:00" 613 44123
"2018-12-22 00:00:00" 331 73962
"2018-12-23 00:00:00" 701 37660
"2018-12-24 00:00:00" 615 41467
"2018-12-25 00:00:00" 199 114432
"2018-12-26 00:00:00" 454 54534
"2018-12-27 00:00:00" 419 59277
"2018-12-28 00:00:00" 379 71221
"2018-12-29 00:00:00" 420 61562
"2018-12-30 00:00:00" 339 74733
"2018-12-31 00:00:00" 433 65421
"2019-01-01 00:00:00" 367 68061
"2019-01-02 00:00:00" 493 53219
"2019-01-03 00:00:00" 542 49471
"2019-01-04 00:00:00" 794 35569
"2019-01-05 00:00:00" 1153 26138
"2019-01-06 00:00:00" 702 42149
"2019-01-07 00:00:00" 632 45424
